Archive member included to satisfy reference by file (symbol)

/Users/antoinemg/Library/Application Support/Code/User/globalStorage/bmd.stm32-for-vscode/@xpack-dev-tools/arm-none-eabi-gcc/14.2.1-1.1.1/.content/bin/../lib/gcc/arm-none-eabi/14.2.1/../../../../arm-none-eabi/lib/thumb/v7e-m+fp/hard/libc_nano.a(libc_a-atexit.o)
                              /Users/antoinemg/Library/Application Support/Code/User/globalStorage/bmd.stm32-for-vscode/@xpack-dev-tools/arm-none-eabi-gcc/14.2.1-1.1.1/.content/bin/../lib/gcc/arm-none-eabi/14.2.1/../../../../arm-none-eabi/lib/thumb/v7e-m+fp/hard/crt0.o (atexit)
/Users/antoinemg/Library/Application Support/Code/User/globalStorage/bmd.stm32-for-vscode/@xpack-dev-tools/arm-none-eabi-gcc/14.2.1-1.1.1/.content/bin/../lib/gcc/arm-none-eabi/14.2.1/../../../../arm-none-eabi/lib/thumb/v7e-m+fp/hard/libc_nano.a(libc_a-exit.o)
                              /Users/antoinemg/Library/Application Support/Code/User/globalStorage/bmd.stm32-for-vscode/@xpack-dev-tools/arm-none-eabi-gcc/14.2.1-1.1.1/.content/bin/../lib/gcc/arm-none-eabi/14.2.1/../../../../arm-none-eabi/lib/thumb/v7e-m+fp/hard/crt0.o (exit)
/Users/antoinemg/Library/Application Support/Code/User/globalStorage/bmd.stm32-for-vscode/@xpack-dev-tools/arm-none-eabi-gcc/14.2.1-1.1.1/.content/bin/../lib/gcc/arm-none-eabi/14.2.1/../../../../arm-none-eabi/lib/thumb/v7e-m+fp/hard/libc_nano.a(libc_a-sprintf.o)
                              build/debug/main.o (sprintf)
/Users/antoinemg/Library/Application Support/Code/User/globalStorage/bmd.stm32-for-vscode/@xpack-dev-tools/arm-none-eabi-gcc/14.2.1-1.1.1/.content/bin/../lib/gcc/arm-none-eabi/14.2.1/../../../../arm-none-eabi/lib/thumb/v7e-m+fp/hard/libc_nano.a(libc_a-findfp.o)
                              build/debug/tasks.o (__sf)
/Users/antoinemg/Library/Application Support/Code/User/globalStorage/bmd.stm32-for-vscode/@xpack-dev-tools/arm-none-eabi-gcc/14.2.1-1.1.1/.content/bin/../lib/gcc/arm-none-eabi/14.2.1/../../../../arm-none-eabi/lib/thumb/v7e-m+fp/hard/libc_nano.a(libc_a-fwalk.o)
                              /Users/antoinemg/Library/Application Support/Code/User/globalStorage/bmd.stm32-for-vscode/@xpack-dev-tools/arm-none-eabi-gcc/14.2.1-1.1.1/.content/bin/../lib/gcc/arm-none-eabi/14.2.1/../../../../arm-none-eabi/lib/thumb/v7e-m+fp/hard/libc_nano.a(libc_a-findfp.o) (_fwalk_sglue)
/Users/antoinemg/Library/Application Support/Code/User/globalStorage/bmd.stm32-for-vscode/@xpack-dev-tools/arm-none-eabi-gcc/14.2.1-1.1.1/.content/bin/../lib/gcc/arm-none-eabi/14.2.1/../../../../arm-none-eabi/lib/thumb/v7e-m+fp/hard/libc_nano.a(libc_a-memset.o)
                              /Users/antoinemg/Library/Application Support/Code/User/globalStorage/bmd.stm32-for-vscode/@xpack-dev-tools/arm-none-eabi-gcc/14.2.1-1.1.1/.content/bin/../lib/gcc/arm-none-eabi/14.2.1/../../../../arm-none-eabi/lib/thumb/v7e-m+fp/hard/crt0.o (memset)
/Users/antoinemg/Library/Application Support/Code/User/globalStorage/bmd.stm32-for-vscode/@xpack-dev-tools/arm-none-eabi-gcc/14.2.1-1.1.1/.content/bin/../lib/gcc/arm-none-eabi/14.2.1/../../../../arm-none-eabi/lib/thumb/v7e-m+fp/hard/libc_nano.a(libc_a-errno.o)
                              build/debug/syscalls.o (__errno)
/Users/antoinemg/Library/Application Support/Code/User/globalStorage/bmd.stm32-for-vscode/@xpack-dev-tools/arm-none-eabi-gcc/14.2.1-1.1.1/.content/bin/../lib/gcc/arm-none-eabi/14.2.1/../../../../arm-none-eabi/lib/thumb/v7e-m+fp/hard/libc_nano.a(libc_a-init.o)
                              /Users/antoinemg/Library/Application Support/Code/User/globalStorage/bmd.stm32-for-vscode/@xpack-dev-tools/arm-none-eabi-gcc/14.2.1-1.1.1/.content/bin/../lib/gcc/arm-none-eabi/14.2.1/../../../../arm-none-eabi/lib/thumb/v7e-m+fp/hard/crt0.o (__libc_init_array)
/Users/antoinemg/Library/Application Support/Code/User/globalStorage/bmd.stm32-for-vscode/@xpack-dev-tools/arm-none-eabi-gcc/14.2.1-1.1.1/.content/bin/../lib/gcc/arm-none-eabi/14.2.1/../../../../arm-none-eabi/lib/thumb/v7e-m+fp/hard/libc_nano.a(libc_a-fini.o)
                              /Users/antoinemg/Library/Application Support/Code/User/globalStorage/bmd.stm32-for-vscode/@xpack-dev-tools/arm-none-eabi-gcc/14.2.1-1.1.1/.content/bin/../lib/gcc/arm-none-eabi/14.2.1/../../../../arm-none-eabi/lib/thumb/v7e-m+fp/hard/crt0.o (__libc_fini_array)
/Users/antoinemg/Library/Application Support/Code/User/globalStorage/bmd.stm32-for-vscode/@xpack-dev-tools/arm-none-eabi-gcc/14.2.1-1.1.1/.content/bin/../lib/gcc/arm-none-eabi/14.2.1/../../../../arm-none-eabi/lib/thumb/v7e-m+fp/hard/libc_nano.a(libc_a-lock.o)
                              /Users/antoinemg/Library/Application Support/Code/User/globalStorage/bmd.stm32-for-vscode/@xpack-dev-tools/arm-none-eabi-gcc/14.2.1-1.1.1/.content/bin/../lib/gcc/arm-none-eabi/14.2.1/../../../../arm-none-eabi/lib/thumb/v7e-m+fp/hard/libc_nano.a(libc_a-findfp.o) (__retarget_lock_init_recursive)
[...]
Memory Configuration

Name             Origin             Length             Attributes
RAM              0x20000000         0x00020000         xrw
FLASH            0x08000000         0x00080000         xr
*default*        0x00000000         0xffffffff

Linker script and memory map

LOAD /Users/antoinemg/Library/Application Support/Code/User/globalStorage/bmd.stm32-for-vscode/@xpack-dev-tools/arm-none-eabi-gcc/14.2.1-1.1.1/.content/bin/../lib/gcc/arm-none-eabi/14.2.1/thumb/v7e-m+fp/hard/crti.o
LOAD /Users/antoinemg/Library/Application Support/Code/User/globalStorage/bmd.stm32-for-vscode/@xpack-dev-tools/arm-none-eabi-gcc/14.2.1-1.1.1/.content/bin/../lib/gcc/arm-none-eabi/14.2.1/thumb/v7e-m+fp/hard/crtbegin.o
LOAD /Users/antoinemg/Library/Application Support/Code/User/globalStorage/bmd.stm32-for-vscode/@xpack-dev-tools/arm-none-eabi-gcc/14.2.1-1.1.1/.content/bin/../lib/gcc/arm-none-eabi/14.2.1/../../../../arm-none-eabi/lib/thumb/v7e-m+fp/hard/crt0.o
LOAD build/debug/cmsis_os2.o
LOAD build/debug/croutine.o
LOAD build/debug/debug_uart.o
LOAD build/debug/event_groups.o
LOAD build/debug/freertos.o
LOAD build/debug/heap_4.o
LOAD build/debug/lcd_md21605.o
LOAD build/debug/list.o
LOAD build/debug/main.o
LOAD build/debug/port.o
LOAD build/debug/queue.o
LOAD build/debug/stm32f4xx_hal.o
LOAD build/debug/stm32f4xx_hal_cortex.o
LOAD build/debug/stm32f4xx_hal_dma.o
LOAD build/debug/stm32f4xx_hal_dma_ex.o
LOAD build/debug/stm32f4xx_hal_exti.o
LOAD build/debug/stm32f4xx_hal_flash.o
LOAD build/debug/stm32f4xx_hal_flash_ex.o
LOAD build/debug/stm32f4xx_hal_flash_ramfunc.o
LOAD build/debug/stm32f4xx_hal_gpio.o
LOAD build/debug/stm32f4xx_hal_i2c.o
LOAD build/debug/stm32f4xx_hal_i2c_ex.o
LOAD build/debug/stm32f4xx_hal_msp.o
LOAD build/debug/stm32f4xx_hal_pwr.o
LOAD build/debug/stm32f4xx_hal_pwr_ex.o
LOAD build/debug/stm32f4xx_hal_rcc.o
LOAD build/debug/stm32f4xx_hal_rcc_ex.o
LOAD build/debug/stm32f4xx_hal_tim.o
LOAD build/debug/stm32f4xx_hal_tim_ex.o
LOAD build/debug/stm32f4xx_hal_timebase_tim.o
LOAD build/debug/stm32f4xx_hal_uart.o
LOAD build/debug/stm32f4xx_it.o
LOAD build/debug/stream_buffer.o
LOAD build/debug/syscalls.o
LOAD build/debug/sysmem.o
LOAD build/debug/system_stm32f4xx.o
LOAD build/debug/tasks.o
LOAD build/debug/timers.o
LOAD build/debug/startup_stm32f446xx.o
LOAD /Users/antoinemg/Library/Application Support/Code/User/globalStorage/bmd.stm32-for-vscode/@xpack-dev-tools/arm-none-eabi-gcc/14.2.1-1.1.1/.content/bin/../lib/gcc/arm-none-eabi/14.2.1/../../../../arm-none-eabi/lib/thumb/v7e-m+fp/hard/libc_nano.a
LOAD /Users/antoinemg/Library/Application Support/Code/User/globalStorage/bmd.stm32-for-vscode/@xpack-dev-tools/arm-none-eabi-gcc/14.2.1-1.1.1/.content/bin/../lib/gcc/arm-none-eabi/14.2.1/../../../../arm-none-eabi/lib/thumb/v7e-m+fp/hard/libm.a
LOAD /Users/antoinemg/Library/Application Support/Code/User/globalStorage/bmd.stm32-for-vscode/@xpack-dev-tools/arm-none-eabi-gcc/14.2.1-1.1.1/.content/bin/../lib/gcc/arm-none-eabi/14.2.1/../../../../arm-none-eabi/lib/thumb/v7e-m+fp/hard/libnosys.a
START GROUP
LOAD /Users/antoinemg/Library/Application Support/Code/User/globalStorage/bmd.stm32-for-vscode/@xpack-dev-tools/arm-none-eabi-gcc/14.2.1-1.1.1/.content/bin/../lib/gcc/arm-none-eabi/14.2.1/thumb/v7e-m+fp/hard/libgcc.a
LOAD /Users/antoinemg/Library/Application Support/Code/User/globalStorage/bmd.stm32-for-vscode/@xpack-dev-tools/arm-none-eabi-gcc/14.2.1-1.1.1/.content/bin/../lib/gcc/arm-none-eabi/14.2.1/../../../../arm-none-eabi/lib/thumb/v7e-m+fp/hard/libc_nano.a
END GROUP
START GROUP
LOAD /Users/antoinemg/Library/Application Support/Code/User/globalStorage/bmd.stm32-for-vscode/@xpack-dev-tools/arm-none-eabi-gcc/14.2.1-1.1.1/.content/bin/../lib/gcc/arm-none-eabi/14.2.1/thumb/v7e-m+fp/hard/libgcc.a
LOAD /Users/antoinemg/Library/Application Support/Code/User/globalStorage/bmd.stm32-for-vscode/@xpack-dev-tools/arm-none-eabi-gcc/14.2.1-1.1.1/.content/bin/../lib/gcc/arm-none-eabi/14.2.1/../../../../arm-none-eabi/lib/thumb/v7e-m+fp/hard/libc_nano.a
END GROUP
LOAD /Users/antoinemg/Library/Application Support/Code/User/globalStorage/bmd.stm32-for-vscode/@xpack-dev-tools/arm-none-eabi-gcc/14.2.1-1.1.1/.content/bin/../lib/gcc/arm-none-eabi/14.2.1/thumb/v7e-m+fp/hard/crtend.o
LOAD /Users/antoinemg/Library/Application Support/Code/User/globalStorage/bmd.stm32-for-vscode/@xpack-dev-tools/arm-none-eabi-gcc/14.2.1-1.1.1/.content/bin/../lib/gcc/arm-none-eabi/14.2.1/thumb/v7e-m+fp/hard/crtn.o
                0x20020000                        _estack = (ORIGIN (RAM) + LENGTH (RAM))
                0x00000200                        _Min_Heap_Size = 0x200
                0x00000400                        _Min_Stack_Size = 0x400

.isr_vector     0x08000000      0x1c4
                0x08000000                        . = ALIGN (0x4)
 *(.isr_vector)
 .isr_vector    0x08000000      0x1c4 build/debug/startup_stm32f446xx.o
                0x08000000                g_pfnVectors
                0x080001c4                        . = ALIGN (0x4)

.text           0x080001d0     0x4aac
                0x080001d0                        . = ALIGN (0x4)
 *(.text)
 .text          0x080001d0       0xa0 /Users/antoinemg/Library/Application Support/Code/User/globalStorage/bmd.stm32-for-vscode/@xpack-dev-tools/arm-none-eabi-gcc/14.2.1-1.1.1/.content/bin/../lib/gcc/arm-none-eabi/14.2.1/../../../../arm-none-eabi/lib/thumb/v7e-m+fp/hard/libc_nano.a(libc_a-memchr.o)
                0x080001d0                memchr
 .text          0x08000270       0x30 /Users/antoinemg/Library/Application Support/Code/User/globalStorage/bmd.stm32-for-vscode/@xpack-dev-tools/arm-none-eabi-gcc/14.2.1-1.1.1/.content/bin/../lib/gcc/arm-none-eabi/14.2.1/thumb/v7e-m+fp/hard/libgcc.a(_aeabi_uldivmod.o)
                0x08000270                __aeabi_uldivmod
 .text          0x080002a0        0x4 /Users/antoinemg/Library/Application Support/Code/User/globalStorage/bmd.stm32-for-vscode/@xpack-dev-tools/arm-none-eabi-gcc/14.2.1-1.1.1/.content/bin/../lib/gcc/arm-none-eabi/14.2.1/thumb/v7e-m+fp/hard/libgcc.a(_dvmd_tls.o)
                0x080002a0                __aeabi_ldiv0
                0x080002a0                __aeabi_idiv0
 *(.text*)
 .text.__do_global_dtors_aux
                0x080002a4       0x24 /Users/antoinemg/Library/Application Support/Code/User/globalStorage/bmd.stm32-for-vscode/@xpack-dev-tools/arm-none-eabi-gcc/14.2.1-1.1.1/.content/bin/../lib/gcc/arm-none-eabi/14.2.1/thumb/v7e-m+fp/hard/crtbegin.o
 .text.frame_dummy
                0x080002c8       0x1c /Users/antoinemg/Library/Application Support/Code/User/globalStorage/bmd.stm32-for-vscode/@xpack-dev-tools/arm-none-eabi-gcc/14.2.1-1.1.1/.content/bin/../lib/gcc/arm-none-eabi/14.2.1/thumb/v7e-m+fp/hard/crtbegin.o
 .text.SysTick_Handler
                0x080002e4       0x18 build/debug/cmsis_os2.o
                0x080002e4                SysTick_Handler
 .text.osKernelInitialize
                0x080002fc       0x24 build/debug/cmsis_os2.o
                0x080002fc                osKernelInitialize
 .text.osKernelStart
                0x08000320       0x38 build/debug/cmsis_os2.o
                0x08000320                osKernelStart
 .text.osThreadNew
                0x08000358       0xb6 build/debug/cmsis_os2.o
                0x08000358                osThreadNew
 .text.osDelay  0x0800040e       0x1c build/debug/cmsis_os2.o
                0x0800040e                osDelay
 *fill*         0x0800042a        0x2 
 .text.vApplicationGetIdleTaskMemory
                0x0800042c       0x18 build/debug/cmsis_os2.o
                0x0800042c                vApplicationGetIdleTaskMemory
 .text.vApplicationGetTimerTaskMemory
                0x08000444       0x18 build/debug/cmsis_os2.o
                0x08000444                vApplicationGetTimerTaskMemory
 .text.prvHeapInit
                0x0800045c       0x64 build/debug/heap_4.o
 .text.prvInsertBlockIntoFreeList
                0x080004c0       0x64 build/debug/heap_4.o
 .text.pvPortMalloc
                0x08000524      0x104 build/debug/heap_4.o
                0x08000524                pvPortMalloc
 .text.vPortFree
                0x08000628       0x7c build/debug/heap_4.o
                0x08000628                vPortFree
 .text.send_lcd_command
                0x080006a4       0x24 build/debug/lcd_md21605.o
                0x080006a4                send_lcd_command
 .text.lcd_instruction
                0x080006c8        0xa build/debug/lcd_md21605.o
                0x080006c8                lcd_instruction
 .text.lcd_set_contrast
                0x080006d2        0xc build/debug/lcd_md21605.o
                0x080006d2                lcd_set_contrast
 .text.lcd_clear
                0x080006de       0x10 build/debug/lcd_md21605.o
                0x080006de                lcd_clear
 *fill*         0x080006ee        0x2 
 .text.lcd_init
                0x080006f0       0x88 build/debug/lcd_md21605.o
                0x080006f0                lcd_init
 .text.lcd_data
                0x08000778        0xe build/debug/lcd_md21605.o
                0x08000778                lcd_data
 .text.lcd_put_cursor
                0x08000786       0x14 build/debug/lcd_md21605.o
                0x08000786                lcd_put_cursor
 .text.lcd_write
                0x0800079a       0x1e build/debug/lcd_md21605.o
                0x0800079a                lcd_write
 .text.vListInitialise
                0x080007b8       0x16 build/debug/list.o
                0x080007b8                vListInitialise
 .text.vListInitialiseItem
                0x080007ce        0x6 build/debug/list.o
                0x080007ce                vListInitialiseItem
 .text.vListInsertEnd
                0x080007d4       0x16 build/debug/list.o
                0x080007d4                vListInsertEnd
 .text.vListInsert
                0x080007ea       0x32 build/debug/list.o
                0x080007ea                vListInsert
 .text.uxListRemove
                0x0800081c       0x26 build/debug/list.o
                0x0800081c                uxListRemove
 *fill*         0x08000842        0x2 
 .text.MX_GPIO_Init
                0x08000844       0xbc build/debug/main.o
 .text.StartDefaultTask
                0x08000900        0xa build/debug/main.o
                0x08000900                StartDefaultTask
 *fill*         0x0800090a        0x2 
 .text.StartTask02
                0x0800090c       0x60 build/debug/main.o
                0x0800090c                StartTask02
 .text.HAL_TIM_PeriodElapsedCallback
                0x0800096c       0x18 build/debug/main.o
                0x0800096c                HAL_TIM_PeriodElapsedCallback
 .text.Error_Handler
                0x08000984        0x4 build/debug/main.o
                0x08000984                Error_Handler
 .text.MX_I2C1_Init
                0x08000988       0x38 build/debug/main.o
 .text.MX_USART2_UART_Init
                0x080009c0       0x34 build/debug/main.o
 .text.MX_TIM2_Init
                0x080009f4       0x60 build/debug/main.o
 .text.SystemClock_Config
                0x08000a54       0xa4 build/debug/main.o
                0x08000a54                SystemClock_Config
 .text.main     0x08000af8       0x58 build/debug/main.o
                0x08000af8                main
 .text.prvTaskExitError
                0x08000b50       0x40 build/debug/port.o
 .text.prvPortStartFirstTask
                0x08000b90       0x28 build/debug/port.o
 .text.vPortEnableVFP
                0x08000bb8       0x14 build/debug/port.o
 .text.pxPortInitialiseStack
                0x08000bcc       0x2c build/debug/port.o
                0x08000bcc                pxPortInitialiseStack
 *fill*         0x08000bf8        0x8 
 .text.SVC_Handler
                0x08000c00       0x24 build/debug/port.o
                0x08000c00                SVC_Handler
 .text.vPortEnterCritical
                0x08000c24       0x44 build/debug/port.o
                0x08000c24                vPortEnterCritical
 .text.vPortExitCritical
                0x08000c68       0x2c build/debug/port.o
                0x08000c68                vPortExitCritical
 *fill*         0x08000c94        0xc 
 .text.PendSV_Handler
                0x08000ca0       0x64 build/debug/port.o
                0x08000ca0                PendSV_Handler
 .text.xPortSysTickHandler
                0x08000d04       0x2c build/debug/port.o
                0x08000d04                xPortSysTickHandler
 .text.vPortSetupTimerInterrupt
                0x08000d30       0x28 build/debug/port.o
                0x08000d30                vPortSetupTimerInterrupt
 .text.xPortStartScheduler
                0x08000d58      0x118 build/debug/port.o
                0x08000d58                xPortStartScheduler
 .text.vPortValidateInterruptPriority
                0x08000e70       0x5c build/debug/port.o
                0x08000e70                vPortValidateInterruptPriority
 .text.prvIsQueueFull
                0x08000ecc       0x1e build/debug/queue.o
 .text.prvIsQueueEmpty
                0x08000eea       0x1a build/debug/queue.o
 .text.prvCopyDataToQueue
                0x08000f04       0x76 build/debug/queue.o
 .text.prvCopyDataFromQueue
                0x08000f7a       0x24 build/debug/queue.o
 .text.prvUnlockQueue
                0x08000f9e       0x6e build/debug/queue.o
 .text.xQueueGenericReset
                0x0800100c       0x84 build/debug/queue.o
                0x0800100c                xQueueGenericReset
 .text.prvInitialiseNewQueue
                0x08001090       0x22 build/debug/queue.o
 .text.xQueueGenericCreateStatic
                0x080010b2       0x94 build/debug/queue.o
                0x080010b2                xQueueGenericCreateStatic
 .text.xQueueGenericSend
                0x08001146      0x188 build/debug/queue.o
                0x08001146                xQueueGenericSend
 .text.xQueueGenericSendFromISR
                0x080012ce       0xce build/debug/queue.o
                0x080012ce                xQueueGenericSendFromISR
 .text.xQueueReceive
                0x0800139c      0x15e build/debug/queue.o
                0x0800139c                xQueueReceive
 *fill*         0x080014fa        0x2 
 .text.vQueueAddToRegistry
                0x080014fc       0x28 build/debug/queue.o
                0x080014fc                vQueueAddToRegistry
 .text.vQueueWaitForMessageRestricted
                0x08001524       0x52 build/debug/queue.o
                0x08001524                vQueueWaitForMessageRestricted
 *fill*         0x08001576        0x2 
 .text.HAL_Init
                0x08001578       0x34 build/debug/stm32f4xx_hal.o
                0x08001578                HAL_Init
 .text.HAL_IncTick
                0x080015ac       0x18 build/debug/stm32f4xx_hal.o
                0x080015ac                HAL_IncTick
 .text.HAL_GetTick
                0x080015c4        0xc build/debug/stm32f4xx_hal.o
                0x080015c4                HAL_GetTick
 .text.HAL_Delay
                0x080015d0       0x28 build/debug/stm32f4xx_hal.o
                0x080015d0                HAL_Delay
 .text.__NVIC_EnableIRQ
                0x080015f8       0x1c build/debug/stm32f4xx_hal_cortex.o
 .text.__NVIC_SetPriority
                0x08001614       0x28 build/debug/stm32f4xx_hal_cortex.o
 .text.NVIC_EncodePriority
                0x0800163c       0x3e build/debug/stm32f4xx_hal_cortex.o
 *fill*         0x0800167a        0x2 
 .text.HAL_NVIC_SetPriorityGrouping
                0x0800167c       0x24 build/debug/stm32f4xx_hal_cortex.o
                0x0800167c                HAL_NVIC_SetPriorityGrouping
 .text.HAL_NVIC_SetPriority
                0x080016a0       0x20 build/debug/stm32f4xx_hal_cortex.o
                0x080016a0                HAL_NVIC_SetPriority
 .text.HAL_NVIC_EnableIRQ
                0x080016c0        0x8 build/debug/stm32f4xx_hal_cortex.o
                0x080016c0                HAL_NVIC_EnableIRQ
 .text.HAL_GPIO_Init
                0x080016c8      0x1e0 build/debug/stm32f4xx_hal_gpio.o
                0x080016c8                HAL_GPIO_Init
 .text.HAL_GPIO_WritePin
                0x080018a8        0xc build/debug/stm32f4xx_hal_gpio.o
                0x080018a8                HAL_GPIO_WritePin
 .text.HAL_GPIO_EXTI_Callback
                0x080018b4        0x2 build/debug/stm32f4xx_hal_gpio.o
                0x080018b4                HAL_GPIO_EXTI_Callback
 *fill*         0x080018b6        0x2 
 .text.HAL_GPIO_EXTI_IRQHandler
                0x080018b8       0x1c build/debug/stm32f4xx_hal_gpio.o
                0x080018b8                HAL_GPIO_EXTI_IRQHandler
 .text.I2C_IsAcknowledgeFailed
                0x080018d4       0x32 build/debug/stm32f4xx_hal_i2c.o
 .text.I2C_WaitOnFlagUntilTimeout
                0x08001906       0xaa build/debug/stm32f4xx_hal_i2c.o
 .text.I2C_WaitOnMasterAddressFlagUntilTimeout
                0x080019b0       0xd6 build/debug/stm32f4xx_hal_i2c.o
 *fill*         0x08001a86        0x2 
 .text.I2C_MasterRequestWrite
                0x08001a88       0xb4 build/debug/stm32f4xx_hal_i2c.o
 .text.I2C_WaitOnTXEFlagUntilTimeout
                0x08001b3c       0x5e build/debug/stm32f4xx_hal_i2c.o
 .text.I2C_WaitOnBTFFlagUntilTimeout
                0x08001b9a       0x5e build/debug/stm32f4xx_hal_i2c.o
 .text.HAL_I2C_Init
                0x08001bf8      0x1bc build/debug/stm32f4xx_hal_i2c.o
                0x08001bf8                HAL_I2C_Init
 .text.HAL_I2C_Master_Transmit
                0x08001db4      0x174 build/debug/stm32f4xx_hal_i2c.o
                0x08001db4                HAL_I2C_Master_Transmit
 .text.HAL_MspInit
                0x08001f28       0x44 build/debug/stm32f4xx_hal_msp.o
                0x08001f28                HAL_MspInit
 .text.HAL_I2C_MspInit
                0x08001f6c       0x74 build/debug/stm32f4xx_hal_msp.o
                0x08001f6c                HAL_I2C_MspInit
 .text.HAL_TIM_Encoder_MspInit
                0x08001fe0       0x68 build/debug/stm32f4xx_hal_msp.o
                0x08001fe0                HAL_TIM_Encoder_MspInit
 .text.HAL_UART_MspInit
                0x08002048       0x70 build/debug/stm32f4xx_hal_msp.o
                0x08002048                HAL_UART_MspInit
 .text.HAL_RCC_ClockConfig
                0x080020b8      0x160 build/debug/stm32f4xx_hal_rcc.o
                0x080020b8                HAL_RCC_ClockConfig
 .text.HAL_RCC_GetHCLKFreq
                0x08002218        0xc build/debug/stm32f4xx_hal_rcc.o
                0x08002218                HAL_RCC_GetHCLKFreq
 .text.HAL_RCC_GetPCLK1Freq
                0x08002224       0x20 build/debug/stm32f4xx_hal_rcc.o
                0x08002224                HAL_RCC_GetPCLK1Freq
 .text.HAL_RCC_GetPCLK2Freq
                0x08002244       0x20 build/debug/stm32f4xx_hal_rcc.o
                0x08002244                HAL_RCC_GetPCLK2Freq
 .text.HAL_RCC_GetClockConfig
                0x08002264       0x3c build/debug/stm32f4xx_hal_rcc.o
                0x08002264                HAL_RCC_GetClockConfig
 .text.HAL_RCC_GetSysClockFreq
                0x080022a0      0x190 build/debug/stm32f4xx_hal_rcc_ex.o
                0x080022a0                HAL_RCC_GetSysClockFreq
 .text.HAL_RCC_OscConfig
                0x08002430      0x444 build/debug/stm32f4xx_hal_rcc_ex.o
                0x08002430                HAL_RCC_OscConfig
 .text.HAL_TIM_Base_MspInit
                0x08002874        0x2 build/debug/stm32f4xx_hal_tim.o
                0x08002874                HAL_TIM_Base_MspInit
 *fill*         0x08002876        0x2 
 .text.HAL_TIM_Base_Start_IT
                0x08002878       0x84 build/debug/stm32f4xx_hal_tim.o
                0x08002878                HAL_TIM_Base_Start_IT
 .text.HAL_TIM_OC_DelayElapsedCallback
                0x080028fc        0x2 build/debug/stm32f4xx_hal_tim.o
                0x080028fc                HAL_TIM_OC_DelayElapsedCallback
 .text.HAL_TIM_IC_CaptureCallback
                0x080028fe        0x2 build/debug/stm32f4xx_hal_tim.o
                0x080028fe                HAL_TIM_IC_CaptureCallback
 .text.HAL_TIM_PWM_PulseFinishedCallback
                0x08002900        0x2 build/debug/stm32f4xx_hal_tim.o
                0x08002900                HAL_TIM_PWM_PulseFinishedCallback
 .text.HAL_TIM_TriggerCallback
                0x08002902        0x2 build/debug/stm32f4xx_hal_tim.o
                0x08002902                HAL_TIM_TriggerCallback
 .text.HAL_TIM_IRQHandler
                0x08002904      0x15e build/debug/stm32f4xx_hal_tim.o
                0x08002904                HAL_TIM_IRQHandler
 *fill*         0x08002a62        0x2 
 .text.TIM_Base_SetConfig
                0x08002a64       0xd0 build/debug/stm32f4xx_hal_tim.o
                0x08002a64                TIM_Base_SetConfig
 .text.HAL_TIM_Base_Init
                0x08002b34       0x58 build/debug/stm32f4xx_hal_tim.o
                0x08002b34                HAL_TIM_Base_Init
 .text.HAL_TIM_Encoder_Init
                0x08002b8c       0xb0 build/debug/stm32f4xx_hal_tim.o
                0x08002b8c                HAL_TIM_Encoder_Init
 .text.TIM_CCxChannelCmd
                0x08002c3c       0x1e build/debug/stm32f4xx_hal_tim.o
                0x08002c3c                TIM_CCxChannelCmd
 .text.HAL_TIM_Encoder_Start
                0x08002c5a       0xcc build/debug/stm32f4xx_hal_tim.o
                0x08002c5a                HAL_TIM_Encoder_Start
 *fill*         0x08002d26        0x2 
 .text.HAL_TIMEx_MasterConfigSynchronization
                0x08002d28       0x8c build/debug/stm32f4xx_hal_tim_ex.o
                0x08002d28                HAL_TIMEx_MasterConfigSynchronization
 .text.HAL_TIMEx_CommutCallback
                0x08002db4        0x2 build/debug/stm32f4xx_hal_tim_ex.o
                0x08002db4                HAL_TIMEx_CommutCallback
 .text.HAL_TIMEx_BreakCallback
                0x08002db6        0x2 build/debug/stm32f4xx_hal_tim_ex.o
                0x08002db6                HAL_TIMEx_BreakCallback
 .text.HAL_InitTick
                0x08002db8       0xa4 build/debug/stm32f4xx_hal_timebase_tim.o
                0x08002db8                HAL_InitTick
 .text.UART_SetConfig
                0x08002e5c      0x110 build/debug/stm32f4xx_hal_uart.o
 .text.HAL_UART_Init
                0x08002f6c       0x60 build/debug/stm32f4xx_hal_uart.o
                0x08002f6c                HAL_UART_Init
 .text.NMI_Handler
                0x08002fcc        0x2 build/debug/stm32f4xx_it.o
                0x08002fcc                NMI_Handler
 .text.HardFault_Handler
                0x08002fce        0x2 build/debug/stm32f4xx_it.o
                0x08002fce                HardFault_Handler
 .text.MemManage_Handler
                0x08002fd0        0x2 build/debug/stm32f4xx_it.o
                0x08002fd0                MemManage_Handler
 .text.BusFault_Handler
                0x08002fd2        0x2 build/debug/stm32f4xx_it.o
                0x08002fd2                BusFault_Handler
 .text.UsageFault_Handler
                0x08002fd4        0x2 build/debug/stm32f4xx_it.o
                0x08002fd4                UsageFault_Handler
 .text.DebugMon_Handler
                0x08002fd6        0x2 build/debug/stm32f4xx_it.o
                0x08002fd6                DebugMon_Handler
 .text.EXTI15_10_IRQHandler
                0x08002fd8        0xc build/debug/stm32f4xx_it.o
                0x08002fd8                EXTI15_10_IRQHandler
 .text.TIM7_IRQHandler
                0x08002fe4       0x10 build/debug/stm32f4xx_it.o
                0x08002fe4                TIM7_IRQHandler
 .text._sbrk    0x08002ff4       0x48 build/debug/sysmem.o
                0x08002ff4                _sbrk
 .text.SystemInit
                0x0800303c       0x14 build/debug/system_stm32f4xx.o
                0x0800303c                SystemInit
 .text.prvResetNextTaskUnblockTime
                0x08003050       0x2c build/debug/tasks.o
 .text.prvInitialiseNewTask
                0x0800307c      0x104 build/debug/tasks.o
 .text.prvInitialiseTaskLists
                0x08003180       0x68 build/debug/tasks.o
 .text.prvAddNewTaskToReadyList
                0x080031e8       0xac build/debug/tasks.o
 .text.prvDeleteTCB
                0x08003294       0x40 build/debug/tasks.o
 .text.prvCheckTasksWaitingTermination
                0x080032d4       0x4c build/debug/tasks.o
 .text.prvIdleTask
                0x08003320       0x28 build/debug/tasks.o
 .text.prvAddCurrentTaskToDelayedList
                0x08003348       0x7c build/debug/tasks.o
 .text.xTaskCreateStatic
                0x080033c4       0x7a build/debug/tasks.o
                0x080033c4                xTaskCreateStatic
 .text.xTaskCreate
                0x0800343e       0x66 build/debug/tasks.o
                0x0800343e                xTaskCreate
 .text.vTaskStartScheduler
                0x080034a4       0xac build/debug/tasks.o
                0x080034a4                vTaskStartScheduler
 .text.vTaskSuspendAll
                0x08003550       0x10 build/debug/tasks.o
                0x08003550                vTaskSuspendAll
 .text.xTaskGetTickCount
                0x08003560        0xc build/debug/tasks.o
                0x08003560                xTaskGetTickCount
 .text.xTaskIncrementTick
                0x0800356c      0x118 build/debug/tasks.o
                0x0800356c                xTaskIncrementTick
 .text.xTaskResumeAll
                0x08003684       0xf8 build/debug/tasks.o
                0x08003684                xTaskResumeAll
 .text.vTaskDelay
                0x0800377c       0x4c build/debug/tasks.o
                0x0800377c                vTaskDelay
 .text.vTaskSwitchContext
                0x080037c8       0xa4 build/debug/tasks.o
                0x080037c8                vTaskSwitchContext
 .text.vTaskPlaceOnEventList
                0x0800386c       0x30 build/debug/tasks.o
                0x0800386c                vTaskPlaceOnEventList
 .text.vTaskPlaceOnEventListRestricted
                0x0800389c       0x38 build/debug/tasks.o
                0x0800389c                vTaskPlaceOnEventListRestricted
 .text.xTaskRemoveFromEventList
                0x080038d4       0x8c build/debug/tasks.o
                0x080038d4                xTaskRemoveFromEventList
 .text.vTaskInternalSetTimeOutState
                0x08003960       0x18 build/debug/tasks.o
                0x08003960                vTaskInternalSetTimeOutState
 .text.xTaskCheckForTimeOut
                0x08003978       0x88 build/debug/tasks.o
                0x08003978                xTaskCheckForTimeOut
 .text.vTaskMissedYield
                0x08003a00        0xc build/debug/tasks.o
                0x08003a00                vTaskMissedYield
 .text.xTaskGetSchedulerState
                0x08003a0c       0x20 build/debug/tasks.o
                0x08003a0c                xTaskGetSchedulerState
 .text.xTaskPriorityDisinherit
                0x08003a2c       0x90 build/debug/tasks.o
                0x08003a2c                xTaskPriorityDisinherit
 .text.prvGetNextExpireTime
                0x08003abc       0x20 build/debug/timers.o
 .text.prvInsertTimerInActiveList
                0x08003adc       0x48 build/debug/timers.o
 .text.prvCheckForValidListAndQueue
                0x08003b24       0x70 build/debug/timers.o
 .text.xTimerCreateTimerTask
                0x08003b94       0x64 build/debug/timers.o
                0x08003b94                xTimerCreateTimerTask
 .text.xTimerGenericCommand
                0x08003bf8       0x6c build/debug/timers.o
                0x08003bf8                xTimerGenericCommand
 .text.prvSwitchTimerLists
                0x08003c64       0x7c build/debug/timers.o
 .text.prvSampleTimeNow
                0x08003ce0       0x2c build/debug/timers.o
 .text.prvProcessExpiredTimer
                0x08003d0c       0x6c build/debug/timers.o
 .text.prvProcessTimerOrBlockTask
                0x08003d78       0x74 build/debug/timers.o
 .text.prvProcessReceivedCommands
                0x08003dec      0x10c build/debug/timers.o
 .text.prvTimerTask
                0x08003ef8       0x16 build/debug/timers.o
 *fill*         0x08003f0e        0x2 
 .text.Reset_Handler
                0x08003f10       0x50 build/debug/startup_stm32f446xx.o
                0x08003f10                Reset_Handler
 .text.Default_Handler
                0x08003f60        0x2 build/debug/startup_stm32f446xx.o
                0x08003f60                DMA1_Stream3_IRQHandler
                0x08003f60                EXTI2_IRQHandler
                0x08003f60                TIM8_CC_IRQHandler
                0x08003f60                FMPI2C1_EV_IRQHandler
                0x08003f60                SPI4_IRQHandler
                0x08003f60                TIM1_CC_IRQHandler
                0x08003f60                DMA2_Stream5_IRQHandler
                0x08003f60                DMA1_Stream5_IRQHandler
                0x08003f60                PVD_IRQHandler
                0x08003f60                SDIO_IRQHandler
                0x08003f60                TAMP_STAMP_IRQHandler
                0x08003f60                CAN2_RX1_IRQHandler
                0x08003f60                EXTI3_IRQHandler
                0x08003f60                TIM8_TRG_COM_TIM14_IRQHandler
                0x08003f60                TIM1_UP_TIM10_IRQHandler
                0x08003f60                TIM8_UP_TIM13_IRQHandler
                0x08003f60                I2C3_ER_IRQHandler
                0x08003f60                EXTI0_IRQHandler
                0x08003f60                I2C2_EV_IRQHandler
                0x08003f60                DMA1_Stream2_IRQHandler
                0x08003f60                CAN1_RX0_IRQHandler
                0x08003f60                FPU_IRQHandler
                0x08003f60                OTG_HS_WKUP_IRQHandler
                0x08003f60                CAN2_SCE_IRQHandler
                0x08003f60                DMA2_Stream2_IRQHandler
                0x08003f60                SPI1_IRQHandler
                0x08003f60                TIM6_DAC_IRQHandler
                0x08003f60                TIM1_BRK_TIM9_IRQHandler
                0x08003f60                DCMI_IRQHandler
                0x08003f60                CAN2_RX0_IRQHandler
                0x08003f60                DMA2_Stream3_IRQHandler
                0x08003f60                SAI2_IRQHandler
                0x08003f60                USART6_IRQHandler
                0x08003f60                USART3_IRQHandler
                0x08003f60                CAN1_RX1_IRQHandler
                0x08003f60                UART5_IRQHandler
                0x08003f60                DMA2_Stream0_IRQHandler
                0x08003f60                TIM4_IRQHandler
                0x08003f60                QUADSPI_IRQHandler
                0x08003f60                I2C1_EV_IRQHandler
                0x08003f60                DMA1_Stream6_IRQHandler
                0x08003f60                DMA1_Stream1_IRQHandler
                0x08003f60                UART4_IRQHandler
                0x08003f60                TIM3_IRQHandler
                0x08003f60                RCC_IRQHandler
                0x08003f60                TIM8_BRK_TIM12_IRQHandler
                0x08003f60                Default_Handler
                0x08003f60                CEC_IRQHandler
                0x08003f60                ADC_IRQHandler
                0x08003f60                DMA1_Stream7_IRQHandler
                0x08003f60                CAN2_TX_IRQHandler
                0x08003f60                TIM5_IRQHandler
                0x08003f60                DMA2_Stream7_IRQHandler
                0x08003f60                I2C3_EV_IRQHandler
                0x08003f60                EXTI9_5_IRQHandler
                0x08003f60                RTC_WKUP_IRQHandler
                0x08003f60                SPDIF_RX_IRQHandler
                0x08003f60                SPI2_IRQHandler
                0x08003f60                OTG_HS_EP1_IN_IRQHandler
                0x08003f60                DMA1_Stream0_IRQHandler
                0x08003f60                CAN1_TX_IRQHandler
                0x08003f60                FMPI2C1_ER_IRQHandler
                0x08003f60                EXTI4_IRQHandler
                0x08003f60                OTG_HS_EP1_OUT_IRQHandler
                0x08003f60                WWDG_IRQHandler
                0x08003f60                TIM2_IRQHandler
                0x08003f60                OTG_FS_WKUP_IRQHandler
                0x08003f60                TIM1_TRG_COM_TIM11_IRQHandler
                0x08003f60                OTG_HS_IRQHandler
                0x08003f60                EXTI1_IRQHandler
                0x08003f60                USART2_IRQHandler
                0x08003f60                I2C2_ER_IRQHandler
                0x08003f60                DMA2_Stream1_IRQHandler
                0x08003f60                CAN1_SCE_IRQHandler
                0x08003f60                FLASH_IRQHandler
                0x08003f60                DMA2_Stream4_IRQHandler
                0x08003f60                USART1_IRQHandler
                0x08003f60                OTG_FS_IRQHandler
                0x08003f60                SPI3_IRQHandler
                0x08003f60                DMA1_Stream4_IRQHandler
                0x08003f60                I2C1_ER_IRQHandler
                0x08003f60                FMC_IRQHandler
                0x08003f60                DMA2_Stream6_IRQHandler
                0x08003f60                SAI1_IRQHandler
                0x08003f60                RTC_Alarm_IRQHandler
 *fill*         0x08003f62        0x2 
 .text.sprintf  0x08003f64       0x44 /Users/antoinemg/Library/Application Support/Code/User/globalStorage/bmd.stm32-for-vscode/@xpack-dev-tools/arm-none-eabi-gcc/14.2.1-1.1.1/.content/bin/../lib/gcc/arm-none-eabi/14.2.1/../../../../arm-none-eabi/lib/thumb/v7e-m+fp/hard/libc_nano.a(libc_a-sprintf.o)
                0x08003f64                sprintf
                0x08003f64                siprintf
 .text.memset   0x08003fa8       0x10 /Users/antoinemg/Library/Application Support/Code/User/globalStorage/bmd.stm32-for-vscode/@xpack-dev-tools/arm-none-eabi-gcc/14.2.1-1.1.1/.content/bin/../lib/gcc/arm-none-eabi/14.2.1/../../../../arm-none-eabi/lib/thumb/v7e-m+fp/hard/libc_nano.a(libc_a-memset.o)
                0x08003fa8                memset
 .text.__errno  0x08003fb8        0xc /Users/antoinemg/Library/Application Support/Code/User/globalStorage/bmd.stm32-for-vscode/@xpack-dev-tools/arm-none-eabi-gcc/14.2.1-1.1.1/.content/bin/../lib/gcc/arm-none-eabi/14.2.1/../../../../arm-none-eabi/lib/thumb/v7e-m+fp/hard/libc_nano.a(libc_a-errno.o)
                0x08003fb8                __errno
 .text.__libc_init_array
                0x08003fc4       0x48 /Users/antoinemg/Library/Application Support/Code/User/globalStorage/bmd.stm32-for-vscode/@xpack-dev-tools/arm-none-eabi-gcc/14.2.1-1.1.1/.content/bin/../lib/gcc/arm-none-eabi/14.2.1/../../../../arm-none-eabi/lib/thumb/v7e-m+fp/hard/libc_nano.a(libc_a-init.o)
                0x08003fc4                __libc_init_array
 .text.__retarget_lock_acquire_recursive
                0x0800400c        0x2 /Users/antoinemg/Library/Application Support/Code/User/globalStorage/bmd.stm32-for-vscode/@xpack-dev-tools/arm-none-eabi-gcc/14.2.1-1.1.1/.content/bin/../lib/gcc/arm-none-eabi/14.2.1/../../../../arm-none-eabi/lib/thumb/v7e-m+fp/hard/libc_nano.a(libc_a-lock.o)
                0x0800400c                __retarget_lock_acquire_recursive
 .text.__retarget_lock_release_recursive
                0x0800400e        0x2 /Users/antoinemg/Library/Application Support/Code/User/globalStorage/bmd.stm32-for-vscode/@xpack-dev-tools/arm-none-eabi-gcc/14.2.1-1.1.1/.content/bin/../lib/gcc/arm-none-eabi/14.2.1/../../../../arm-none-eabi/lib/thumb/v7e-m+fp/hard/libc_nano.a(libc_a-lock.o)
                0x0800400e                __retarget_lock_release_recursive
 .text._reclaim_reent
                0x08004010       0xbc /Users/antoinemg/Library/Application Support/Code/User/globalStorage/bmd.stm32-for-vscode/@xpack-dev-tools/arm-none-eabi-gcc/14.2.1-1.1.1/.content/bin/../lib/gcc/arm-none-eabi/14.2.1/../../../../arm-none-eabi/lib/thumb/v7e-m+fp/hard/libc_nano.a(libc_a-reent.o)
                0x08004010                _reclaim_reent
 .text.memcpy   0x080040cc       0x1c /Users/antoinemg/Library/Application Support/Code/User/globalStorage/bmd.stm32-for-vscode/@xpack-dev-tools/arm-none-eabi-gcc/14.2.1-1.1.1/.content/bin/../lib/gcc/arm-none-eabi/14.2.1/../../../../arm-none-eabi/lib/thumb/v7e-m+fp/hard/libc_nano.a(libc_a-memcpy-stub.o)
                0x080040cc                memcpy
 .text._free_r  0x080040e8       0x94 /Users/antoinemg/Library/Application Support/Code/User/globalStorage/bmd.stm32-for-vscode/@xpack-dev-tools/arm-none-eabi-gcc/14.2.1-1.1.1/.content/bin/../lib/gcc/arm-none-eabi/14.2.1/../../../../arm-none-eabi/lib/thumb/v7e-m+fp/hard/libc_nano.a(libc_a-freer.o)
                0x080040e8                _free_r
 .text.__ssputs_r
                0x0800417c       0xc0 /Users/antoinemg/Library/Application Support/Code/User/globalStorage/bmd.stm32-for-vscode/@xpack-dev-tools/arm-none-eabi-gcc/14.2.1-1.1.1/.content/bin/../lib/gcc/arm-none-eabi/14.2.1/../../../../arm-none-eabi/lib/thumb/v7e-m+fp/hard/libc_nano.a(libc_a-nano-svfprintf.o)
                0x0800417c                __ssputs_r
 .text._svfprintf_r
                0x0800423c      0x1f8 /Users/antoinemg/Library/Application Support/Code/User/globalStorage/bmd.stm32-for-vscode/@xpack-dev-tools/arm-none-eabi-gcc/14.2.1-1.1.1/.content/bin/../lib/gcc/arm-none-eabi/14.2.1/../../../../arm-none-eabi/lib/thumb/v7e-m+fp/hard/libc_nano.a(libc_a-nano-svfprintf.o)
                0x0800423c                _svfprintf_r
                0x0800423c                _svfiprintf_r
 .text.sbrk_aligned
                0x08004434       0x44 /Users/antoinemg/Library/Application Support/Code/User/globalStorage/bmd.stm32-for-vscode/@xpack-dev-tools/arm-none-eabi-gcc/14.2.1-1.1.1/.content/bin/../lib/gcc/arm-none-eabi/14.2.1/../../../../arm-none-eabi/lib/thumb/v7e-m+fp/hard/libc_nano.a(libc_a-mallocr.o)
 .text._malloc_r
                0x08004478      0x100 /Users/antoinemg/Library/Application Support/Code/User/globalStorage/bmd.stm32-for-vscode/@xpack-dev-tools/arm-none-eabi-gcc/14.2.1-1.1.1/.content/bin/../lib/gcc/arm-none-eabi/14.2.1/../../../../arm-none-eabi/lib/thumb/v7e-m+fp/hard/libc_nano.a(libc_a-mallocr.o)
                0x08004478                _malloc_r
 .text._printf_common
                0x08004578       0xda /Users/antoinemg/Library/Application Support/Code/User/globalStorage/bmd.stm32-for-vscode/@xpack-dev-tools/arm-none-eabi-gcc/14.2.1-1.1.1/.content/bin/../lib/gcc/arm-none-eabi/14.2.1/../../../../arm-none-eabi/lib/thumb/v7e-m+fp/hard/libc_nano.a(libc_a-nano-vfprintf_i.o)
                0x08004578                _printf_common
 *fill*         0x08004652        0x2 
 .text._printf_i
                0x08004654      0x240 /Users/antoinemg/Library/Application Support/Code/User/globalStorage/bmd.stm32-for-vscode/@xpack-dev-tools/arm-none-eabi-gcc/14.2.1-1.1.1/.content/bin/../lib/gcc/arm-none-eabi/14.2.1/../../../../arm-none-eabi/lib/thumb/v7e-m+fp/hard/libc_nano.a(libc_a-nano-vfprintf_i.o)
                0x08004654                _printf_i
 .text.__malloc_lock
                0x08004894        0xc /Users/antoinemg/Library/Application Support/Code/User/globalStorage/bmd.stm32-for-vscode/@xpack-dev-tools/arm-none-eabi-gcc/14.2.1-1.1.1/.content/bin/../lib/gcc/arm-none-eabi/14.2.1/../../../../arm-none-eabi/lib/thumb/v7e-m+fp/hard/libc_nano.a(libc_a-mlock.o)
                0x08004894                __malloc_lock
 .text.__malloc_unlock
                0x080048a0        0xc /Users/antoinemg/Library/Application Support/Code/User/globalStorage/bmd.stm32-for-vscode/@xpack-dev-tools/arm-none-eabi-gcc/14.2.1-1.1.1/.content/bin/../lib/gcc/arm-none-eabi/14.2.1/../../../../arm-none-eabi/lib/thumb/v7e-m+fp/hard/libc_nano.a(libc_a-mlock.o)
                0x080048a0                __malloc_unlock
 .text._realloc_r
                0x080048ac       0x5c /Users/antoinemg/Library/Application Support/Code/User/globalStorage/bmd.stm32-for-vscode/@xpack-dev-tools/arm-none-eabi-gcc/14.2.1-1.1.1/.content/bin/../lib/gcc/arm-none-eabi/14.2.1/../../../../arm-none-eabi/lib/thumb/v7e-m+fp/hard/libc_nano.a(libc_a-reallocr.o)
                0x080048ac                _realloc_r
 .text.memmove  0x08004908       0x32 /Users/antoinemg/Library/Application Support/Code/User/globalStorage/bmd.stm32-for-vscode/@xpack-dev-tools/arm-none-eabi-gcc/14.2.1-1.1.1/.content/bin/../lib/gcc/arm-none-eabi/14.2.1/../../../../arm-none-eabi/lib/thumb/v7e-m+fp/hard/libc_nano.a(libc_a-memmove.o)
                0x08004908                memmove
 *fill*         0x0800493a        0x2 
 .text._sbrk_r  0x0800493c       0x20 /Users/antoinemg/Library/Application Support/Code/User/globalStorage/bmd.stm32-for-vscode/@xpack-dev-tools/arm-none-eabi-gcc/14.2.1-1.1.1/.content/bin/../lib/gcc/arm-none-eabi/14.2.1/../../../../arm-none-eabi/lib/thumb/v7e-m+fp/hard/libc_nano.a(libc_a-sbrkr.o)
                0x0800493c                _sbrk_r
 .text._malloc_usable_size_r
                0x0800495c       0x10 /Users/antoinemg/Library/Application Support/Code/User/globalStorage/bmd.stm32-for-vscode/@xpack-dev-tools/arm-none-eabi-gcc/14.2.1-1.1.1/.content/bin/../lib/gcc/arm-none-eabi/14.2.1/../../../../arm-none-eabi/lib/thumb/v7e-m+fp/hard/libc_nano.a(libc_a-msizer.o)
                0x0800495c                _malloc_usable_size_r
 .text.__udivmoddi4
                0x0800496c      0x2f8 /Users/antoinemg/Library/Application Support/Code/User/globalStorage/bmd.stm32-for-vscode/@xpack-dev-tools/arm-none-eabi-gcc/14.2.1-1.1.1/.content/bin/../lib/gcc/arm-none-eabi/14.2.1/thumb/v7e-m+fp/hard/libgcc.a(_udivmoddi4.o)
                0x0800496c                __udivmoddi4
 *(.glue_7)
 .glue_7        0x08004c64        0x0 linker stubs
 *(.glue_7t)
 .glue_7t       0x08004c64        0x0 linker stubs
 *(.eh_frame)
 .eh_frame      0x08004c64        0x0 /Users/antoinemg/Library/Application Support/Code/User/globalStorage/bmd.stm32-for-vscode/@xpack-dev-tools/arm-none-eabi-gcc/14.2.1-1.1.1/.content/bin/../lib/gcc/arm-none-eabi/14.2.1/thumb/v7e-m+fp/hard/crtbegin.o
 *(.init)
 .init          0x08004c64        0x4 /Users/antoinemg/Library/Application Support/Code/User/globalStorage/bmd.stm32-for-vscode/@xpack-dev-tools/arm-none-eabi-gcc/14.2.1-1.1.1/.content/bin/../lib/gcc/arm-none-eabi/14.2.1/thumb/v7e-m+fp/hard/crti.o
                0x08004c64                _init
 .init          0x08004c68        0x8 /Users/antoinemg/Library/Application Support/Code/User/globalStorage/bmd.stm32-for-vscode/@xpack-dev-tools/arm-none-eabi-gcc/14.2.1-1.1.1/.content/bin/../lib/gcc/arm-none-eabi/14.2.1/thumb/v7e-m+fp/hard/crtn.o
 *(.fini)
 .fini          0x08004c70        0x4 /Users/antoinemg/Library/Application Support/Code/User/globalStorage/bmd.stm32-for-vscode/@xpack-dev-tools/arm-none-eabi-gcc/14.2.1-1.1.1/.content/bin/../lib/gcc/arm-none-eabi/14.2.1/thumb/v7e-m+fp/hard/crti.o
                0x08004c70                _fini
 .fini          0x08004c74        0x8 /Users/antoinemg/Library/Application Support/Code/User/globalStorage/bmd.stm32-for-vscode/@xpack-dev-tools/arm-none-eabi-gcc/14.2.1-1.1.1/.content/bin/../lib/gcc/arm-none-eabi/14.2.1/thumb/v7e-m+fp/hard/crtn.o
                0x08004c7c                        . = ALIGN (0x4)
                0x08004c7c                        _etext = .

.vfp11_veneer   0x08004c7c        0x0
 .vfp11_veneer  0x08004c7c        0x0 linker stubs

.v4_bx          0x08004c7c        0x0
 .v4_bx         0x08004c7c        0x0 linker stubs

.iplt           0x08004c7c        0x0
 .iplt          0x08004c7c        0x0 /Users/antoinemg/Library/Application Support/Code/User/globalStorage/bmd.stm32-for-vscode/@xpack-dev-tools/arm-none-eabi-gcc/14.2.1-1.1.1/.content/bin/../lib/gcc/arm-none-eabi/14.2.1/thumb/v7e-m+fp/hard/crtbegin.o

.rodata         0x08004c7c       0xcc
                0x08004c7c                        . = ALIGN (0x4)
 *(.rodata)
 *(.rodata*)
 .rodata.StartTask02.str1.4
                0x08004c7c       0x38 build/debug/main.o
                                  0x3 (size before relaxing)
 .rodata.str1.4
                0x08004cb4       0x1c build/debug/main.o
 .rodata.printLCD_Task_attributes
                0x08004cb4       0x24 build/debug/main.o
                0x08004cb4                printLCD_Task_attributes
 .rodata.defaultTask_attributes
                0x08004cd8       0x24 build/debug/main.o
                0x08004cd8                defaultTask_attributes
 .rodata.APBPrescTable
                0x08004cfc        0x8 build/debug/system_stm32f4xx.o
                0x08004cfc                APBPrescTable
 .rodata.AHBPrescTable
                0x08004d04       0x10 build/debug/system_stm32f4xx.o
                0x08004d04                AHBPrescTable
 .rodata.vTaskStartScheduler.str1.4
                0x08004d14        0x5 build/debug/tasks.o
 .rodata.prvCheckForValidListAndQueue.str1.4
                0x08004d14        0x5 build/debug/timers.o
 .rodata.xTimerCreateTimerTask.str1.4
                0x08004d14        0x8 build/debug/timers.o
 .rodata._svfprintf_r.str1.1
                0x08004d14       0x33 /Users/antoinemg/Library/Application Support/Code/User/globalStorage/bmd.stm32-for-vscode/@xpack-dev-tools/arm-none-eabi-gcc/14.2.1-1.1.1/.content/bin/../lib/gcc/arm-none-eabi/14.2.1/../../../../arm-none-eabi/lib/thumb/v7e-m+fp/hard/libc_nano.a(libc_a-nano-svfprintf.o)
                                 0x11 (size before relaxing)
 .rodata._printf_i.str1.1
                0x08004d47       0x22 /Users/antoinemg/Library/Application Support/Code/User/globalStorage/bmd.stm32-for-vscode/@xpack-dev-tools/arm-none-eabi-gcc/14.2.1-1.1.1/.content/bin/../lib/gcc/arm-none-eabi/14.2.1/../../../../arm-none-eabi/lib/thumb/v7e-m+fp/hard/libc_nano.a(libc_a-nano-vfprintf_i.o)
                0x08004d6c                        . = ALIGN (0x4)
 *fill*         0x08004d47        0x1 

.ARM.extab      0x08004d48        0x0
                0x08004d48                        . = ALIGN (0x4)
 *(.ARM.extab* .gnu.linkonce.armextab.*)
                0x08004d48                        . = ALIGN (0x4)

.ARM            0x08004d48        0x8
                0x08004d48                        . = ALIGN (0x4)
                0x08004d48                        __exidx_start = .
 *(.ARM.exidx*)
 .ARM.exidx     0x08004d48        0x8 /Users/antoinemg/Library/Application Support/Code/User/globalStorage/bmd.stm32-for-vscode/@xpack-dev-tools/arm-none-eabi-gcc/14.2.1-1.1.1/.content/bin/../lib/gcc/arm-none-eabi/14.2.1/../../../../arm-none-eabi/lib/thumb/v7e-m+fp/hard/libc_nano.a(libc_a-memchr.o)
 .ARM.exidx.text.__udivmoddi4
                0x08004d50        0x0 /Users/antoinemg/Library/Application Support/Code/User/globalStorage/bmd.stm32-for-vscode/@xpack-dev-tools/arm-none-eabi-gcc/14.2.1-1.1.1/.content/bin/../lib/gcc/arm-none-eabi/14.2.1/thumb/v7e-m+fp/hard/libgcc.a(_udivmoddi4.o)
                                  0x8 (size before relaxing)
                0x08004d50                        __exidx_end = .
                0x08004d50                        . = ALIGN (0x4)

.preinit_array  0x08004d50        0x0
                0x08004d50                        . = ALIGN (0x4)
                0x08004d50                        PROVIDE (__preinit_array_start = .)
 *(.preinit_array*)
                0x08004d50                        PROVIDE (__preinit_array_end = .)
                0x08004d50                        . = ALIGN (0x4)

.init_array     0x08004d50        0x4
                0x08004d50                        . = ALIGN (0x4)
                0x08004d50                        PROVIDE (__init_array_start = .)
 *(SORT_BY_NAME(.init_array.*))
 *(.init_array*)
 .init_array    0x08004d50        0x4 /Users/antoinemg/Library/Application Support/Code/User/globalStorage/bmd.stm32-for-vscode/@xpack-dev-tools/arm-none-eabi-gcc/14.2.1-1.1.1/.content/bin/../lib/gcc/arm-none-eabi/14.2.1/thumb/v7e-m+fp/hard/crtbegin.o
                0x08004d54                        PROVIDE (__init_array_end = .)
                0x08004d54                        . = ALIGN (0x4)

.fini_array     0x08004d54        0x4
                0x08004d54                        . = ALIGN (0x4)
                0x08004d54                        PROVIDE (__fini_array_start = .)
 *(SORT_BY_NAME(.fini_array.*))
 *(.fini_array*)
 .fini_array    0x08004d54        0x4 /Users/antoinemg/Library/Application Support/Code/User/globalStorage/bmd.stm32-for-vscode/@xpack-dev-tools/arm-none-eabi-gcc/14.2.1-1.1.1/.content/bin/../lib/gcc/arm-none-eabi/14.2.1/thumb/v7e-m+fp/hard/crtbegin.o
                0x08004d58                        PROVIDE (__fini_array_end = .)
                0x08004d58                        . = ALIGN (0x4)
                0x08004d58                        _sidata = LOADADDR (.data)

.rel.dyn        0x08004d58        0x0
 .rel.iplt      0x08004d58        0x0 /Users/antoinemg/Library/Application Support/Code/User/globalStorage/bmd.stm32-for-vscode/@xpack-dev-tools/arm-none-eabi-gcc/14.2.1-1.1.1/.content/bin/../lib/gcc/arm-none-eabi/14.2.1/thumb/v7e-m+fp/hard/crtbegin.o

.data           0x20000000       0x60 load address 0x08004d58
                0x20000000                        . = ALIGN (0x4)
                0x20000000                        _sdata = .
 *(.data)
 *(.data*)
 .data.uxCriticalNesting
                0x20000000        0x4 build/debug/port.o
 .data.uwTickFreq
                0x20000004        0x1 build/debug/stm32f4xx_hal.o
                0x20000004                uwTickFreq
 *fill*         0x20000005        0x3 
 .data.uwTickPrio
                0x20000008        0x4 build/debug/stm32f4xx_hal.o
                0x20000008                uwTickPrio
 .data.SystemCoreClock
                0x2000000c        0x4 build/debug/system_stm32f4xx.o
                0x2000000c                SystemCoreClock
 .data._impure_ptr
                0x20000010        0x4 /Users/antoinemg/Library/Application Support/Code/User/globalStorage/bmd.stm32-for-vscode/@xpack-dev-tools/arm-none-eabi-gcc/14.2.1-1.1.1/.content/bin/../lib/gcc/arm-none-eabi/14.2.1/../../../../arm-none-eabi/lib/thumb/v7e-m+fp/hard/libc_nano.a(libc_a-impure.o)
                0x20000010                _impure_ptr
 .data._impure_data
                0x20000014       0x4c /Users/antoinemg/Library/Application Support/Code/User/globalStorage/bmd.stm32-for-vscode/@xpack-dev-tools/arm-none-eabi-gcc/14.2.1-1.1.1/.content/bin/../lib/gcc/arm-none-eabi/14.2.1/../../../../arm-none-eabi/lib/thumb/v7e-m+fp/hard/libc_nano.a(libc_a-impure.o)
                0x20000014                _impure_data
 *(.RamFunc)
 *(.RamFunc*)
                0x20000060                        . = ALIGN (0x4)
                0x20000060                        _edata = .

.igot.plt       0x20000060        0x0 load address 0x08004db8
 .igot.plt      0x20000060        0x0 /Users/antoinemg/Library/Application Support/Code/User/globalStorage/bmd.stm32-for-vscode/@xpack-dev-tools/arm-none-eabi-gcc/14.2.1-1.1.1/.content/bin/../lib/gcc/arm-none-eabi/14.2.1/thumb/v7e-m+fp/hard/crtbegin.o
                0x20000060                        . = ALIGN (0x4)

.bss            0x20000060     0x4ed0 load address 0x08004db8
                0x20000060                        _sbss = .
                0x20000060                        __bss_start__ = _sbss
 *(.bss)
 *(.bss*)
 .bss.completed.1
                0x20000060        0x1 /Users/antoinemg/Library/Application Support/Code/User/globalStorage/bmd.stm32-for-vscode/@xpack-dev-tools/arm-none-eabi-gcc/14.2.1-1.1.1/.content/bin/../lib/gcc/arm-none-eabi/14.2.1/thumb/v7e-m+fp/hard/crtbegin.o
 *fill*         0x20000061        0x3 
 .bss.object.0  0x20000064       0x18 /Users/antoinemg/Library/Application Support/Code/User/globalStorage/bmd.stm32-for-vscode/@xpack-dev-tools/arm-none-eabi-gcc/14.2.1-1.1.1/.content/bin/../lib/gcc/arm-none-eabi/14.2.1/thumb/v7e-m+fp/hard/crtbegin.o
 .bss.Timer_Stack.0
                0x2000007c      0x400 build/debug/cmsis_os2.o
 *fill*         0x2000047c        0x4 
 .bss.Timer_TCB.1
                0x20000480      0x1a0 build/debug/cmsis_os2.o
 .bss.Idle_Stack.2
                0x20000620      0x200 build/debug/cmsis_os2.o
 .bss.Idle_TCB.3
                0x20000820      0x1a0 build/debug/cmsis_os2.o
 .bss.KernelState
                0x200009c0        0x4 build/debug/cmsis_os2.o
 .bss.xBlockAllocatedBit
                0x200009c4        0x4 build/debug/heap_4.o
 .bss.xNumberOfSuccessfulFrees
                0x200009c8        0x4 build/debug/heap_4.o
 .bss.xNumberOfSuccessfulAllocations
                0x200009cc        0x4 build/debug/heap_4.o
 .bss.xMinimumEverFreeBytesRemaining
                0x200009d0        0x4 build/debug/heap_4.o
 .bss.xFreeBytesRemaining
                0x200009d4        0x4 build/debug/heap_4.o
 .bss.pxEnd     0x200009d8        0x4 build/debug/heap_4.o
 .bss.xStart    0x200009dc        0x8 build/debug/heap_4.o
 .bss.ucHeap    0x200009e4     0x3c00 build/debug/heap_4.o
 .bss._I2cHandler
                0x200045e4       0x54 build/debug/lcd_md21605.o
                0x200045e4                _I2cHandler
 .bss.printLCD_TaskHandle
                0x20004638        0x4 build/debug/main.o
                0x20004638                printLCD_TaskHandle
 .bss.defaultTaskHandle
                0x2000463c        0x4 build/debug/main.o
                0x2000463c                defaultTaskHandle
 .bss.huart2    0x20004640       0x48 build/debug/main.o
                0x20004640                huart2
 .bss.htim2     0x20004688       0x48 build/debug/main.o
                0x20004688                htim2
 .bss.hi2c1     0x200046d0       0x54 build/debug/main.o
                0x200046d0                hi2c1
 .bss.ulMaxPRIGROUPValue
                0x20004724        0x4 build/debug/port.o
 .bss.ucMaxSysCallPriority
                0x20004728        0x1 build/debug/port.o
 *fill*         0x20004729        0x3 
 .bss.xQueueRegistry
                0x2000472c       0x40 build/debug/queue.o
                0x2000472c                xQueueRegistry
 .bss.uwTick    0x2000476c        0x4 build/debug/stm32f4xx_hal.o
                0x2000476c                uwTick
 .bss.htim7     0x20004770       0x48 build/debug/stm32f4xx_hal_timebase_tim.o
                0x20004770                htim7
 .bss.__sbrk_heap_end
                0x200047b8        0x4 build/debug/sysmem.o
 .bss.uxSchedulerSuspended
                0x200047bc        0x4 build/debug/tasks.o
 .bss.xIdleTaskHandle
                0x200047c0        0x4 build/debug/tasks.o
 .bss.xNextTaskUnblockTime
                0x200047c4        0x4 build/debug/tasks.o
 .bss.uxTaskNumber
                0x200047c8        0x4 build/debug/tasks.o
 .bss.xNumOfOverflows
                0x200047cc        0x4 build/debug/tasks.o
 .bss.xYieldPending
                0x200047d0        0x4 build/debug/tasks.o
 .bss.xPendedTicks
                0x200047d4        0x4 build/debug/tasks.o
 .bss.xSchedulerRunning
                0x200047d8        0x4 build/debug/tasks.o
 .bss.uxTopReadyPriority
                0x200047dc        0x4 build/debug/tasks.o
 .bss.xTickCount
                0x200047e0        0x4 build/debug/tasks.o
 .bss.uxCurrentNumberOfTasks
                0x200047e4        0x4 build/debug/tasks.o
 .bss.xSuspendedTaskList
                0x200047e8       0x14 build/debug/tasks.o
 .bss.uxDeletedTasksWaitingCleanUp
                0x200047fc        0x4 build/debug/tasks.o
 .bss.xTasksWaitingTermination
                0x20004800       0x14 build/debug/tasks.o
 .bss.xPendingReadyList
                0x20004814       0x14 build/debug/tasks.o
 .bss.pxOverflowDelayedTaskList
                0x20004828        0x4 build/debug/tasks.o
 .bss.pxDelayedTaskList
                0x2000482c        0x4 build/debug/tasks.o
 .bss.xDelayedTaskList2
                0x20004830       0x14 build/debug/tasks.o
 .bss.xDelayedTaskList1
                0x20004844       0x14 build/debug/tasks.o
 .bss.pxReadyTasksLists
                0x20004858      0x460 build/debug/tasks.o
 .bss.pxCurrentTCB
                0x20004cb8        0x4 build/debug/tasks.o
                0x20004cb8                pxCurrentTCB
 .bss.xStaticTimerQueue.0
                0x20004cbc       0x50 build/debug/timers.o
 .bss.ucStaticTimerQueueStorage.1
                0x20004d0c       0xa0 build/debug/timers.o
 .bss.xLastTime.2
                0x20004dac        0x4 build/debug/timers.o
 .bss.xTimerTaskHandle
                0x20004db0        0x4 build/debug/timers.o
 .bss.xTimerQueue
                0x20004db4        0x4 build/debug/timers.o
 .bss.pxOverflowTimerList
                0x20004db8        0x4 build/debug/timers.o
 .bss.pxCurrentTimerList
                0x20004dbc        0x4 build/debug/timers.o
 .bss.xActiveTimerList2
                0x20004dc0       0x14 build/debug/timers.o
 .bss.xActiveTimerList1
                0x20004dd4       0x14 build/debug/timers.o
 .bss.__sf      0x20004de8      0x138 /Users/antoinemg/Library/Application Support/Code/User/globalStorage/bmd.stm32-for-vscode/@xpack-dev-tools/arm-none-eabi-gcc/14.2.1-1.1.1/.content/bin/../lib/gcc/arm-none-eabi/14.2.1/../../../../arm-none-eabi/lib/thumb/v7e-m+fp/hard/libc_nano.a(libc_a-findfp.o)
                0x20004de8                __sf
 .bss.__lock___malloc_recursive_mutex
                0x20004f20        0x1 /Users/antoinemg/Library/Application Support/Code/User/globalStorage/bmd.stm32-for-vscode/@xpack-dev-tools/arm-none-eabi-gcc/14.2.1-1.1.1/.content/bin/../lib/gcc/arm-none-eabi/14.2.1/../../../../arm-none-eabi/lib/thumb/v7e-m+fp/hard/libc_nano.a(libc_a-lock.o)
                0x20004f20                __lock___malloc_recursive_mutex
 *fill*         0x20004f21        0x3 
 .bss.errno     0x20004f24        0x4 /Users/antoinemg/Library/Application Support/Code/User/globalStorage/bmd.stm32-for-vscode/@xpack-dev-tools/arm-none-eabi-gcc/14.2.1-1.1.1/.content/bin/../lib/gcc/arm-none-eabi/14.2.1/../../../../arm-none-eabi/lib/thumb/v7e-m+fp/hard/libc_nano.a(libc_a-reent.o)
                0x20004f24                errno
 .bss.__malloc_sbrk_start
                0x20004f28        0x4 /Users/antoinemg/Library/Application Support/Code/User/globalStorage/bmd.stm32-for-vscode/@xpack-dev-tools/arm-none-eabi-gcc/14.2.1-1.1.1/.content/bin/../lib/gcc/arm-none-eabi/14.2.1/../../../../arm-none-eabi/lib/thumb/v7e-m+fp/hard/libc_nano.a(libc_a-mallocr.o)
                0x20004f28                __malloc_sbrk_start
 .bss.__malloc_free_list
                0x20004f2c        0x4 /Users/antoinemg/Library/Application Support/Code/User/globalStorage/bmd.stm32-for-vscode/@xpack-dev-tools/arm-none-eabi-gcc/14.2.1-1.1.1/.content/bin/../lib/gcc/arm-none-eabi/14.2.1/../../../../arm-none-eabi/lib/thumb/v7e-m+fp/hard/libc_nano.a(libc_a-mallocr.o)
                0x20004f2c                __malloc_free_list
 *(COMMON)
                0x20004f30                        . = ALIGN (0x4)
                0x20004f30                        _ebss = .
                0x20004f30                        __bss_end__ = _ebss

._user_heap_stack
                0x20004f30      0x600 load address 0x08004db8
                0x20004f30                        . = ALIGN (0x8)
                [!provide]                        PROVIDE (end = .)
                0x20004f30                        PROVIDE (_end = .)
                0x20005130                        . = (. + _Min_Heap_Size)
 *fill*         0x20004f30      0x200 
                0x20005530                        . = (. + _Min_Stack_Size)
 *fill*         0x20005130      0x400 
                0x20005530                        . = ALIGN (0x8)

/DISCARD/
 libc.a(*)
 libm.a(*)
 libgcc.a(*)
OUTPUT(build/debug/RT_Project.elf elf32-littlearm)
LOAD linker stubs
LOAD /Users/antoinemg/Library/Application Support/Code/User/globalStorage/bmd.stm32-for-vscode/@xpack-dev-tools/arm-none-eabi-gcc/14.2.1-1.1.1/.content/bin/../lib/gcc/arm-none-eabi/14.2.1/../../../../arm-none-eabi/lib/thumb/v7e-m+fp/hard/libc.a
LOAD /Users/antoinemg/Library/Application Support/Code/User/globalStorage/bmd.stm32-for-vscode/@xpack-dev-tools/arm-none-eabi-gcc/14.2.1-1.1.1/.content/bin/../lib/gcc/arm-none-eabi/14.2.1/../../../../arm-none-eabi/lib/thumb/v7e-m+fp/hard/libm.a
LOAD /Users/antoinemg/Library/Application Support/Code/User/globalStorage/bmd.stm32-for-vscode/@xpack-dev-tools/arm-none-eabi-gcc/14.2.1-1.1.1/.content/bin/../lib/gcc/arm-none-eabi/14.2.1/thumb/v7e-m+fp/hard/libgcc.a

.ARM.attributes
                0x00000000       0x30
 .ARM.attributes
                0x00000000       0x22 /Users/antoinemg/Library/Application Support/Code/User/globalStorage/bmd.stm32-for-vscode/@xpack-dev-tools/arm-none-eabi-gcc/14.2.1-1.1.1/.content/bin/../lib/gcc/arm-none-eabi/14.2.1/thumb/v7e-m+fp/hard/crti.o
 .ARM.attributes
                0x00000022       0x34 /Users/antoinemg/Library/Application Support/Code/User/globalStorage/bmd.stm32-for-vscode/@xpack-dev-tools/arm-none-eabi-gcc/14.2.1-1.1.1/.content/bin/../lib/gcc/arm-none-eabi/14.2.1/thumb/v7e-m+fp/hard/crtbegin.o
 .ARM.attributes
                0x00000056       0x34 build/debug/cmsis_os2.o
 .ARM.attributes
                0x0000008a       0x34 build/debug/heap_4.o
 .ARM.attributes
                0x000000be       0x34 build/debug/lcd_md21605.o
 .ARM.attributes
                0x000000f2       0x34 build/debug/list.o
 .ARM.attributes
                0x00000126       0x34 build/debug/main.o
 .ARM.attributes
                0x0000015a       0x34 build/debug/port.o
 .ARM.attributes
                0x0000018e       0x34 build/debug/queue.o
 .ARM.attributes
                0x000001c2       0x34 build/debug/stm32f4xx_hal.o
 .ARM.attributes
                0x000001f6       0x34 build/debug/stm32f4xx_hal_cortex.o
 .ARM.attributes
                0x0000022a       0x34 build/debug/stm32f4xx_hal_gpio.o
 .ARM.attributes
                0x0000025e       0x34 build/debug/stm32f4xx_hal_i2c.o
 .ARM.attributes
                0x00000292       0x34 build/debug/stm32f4xx_hal_msp.o
 .ARM.attributes
                0x000002c6       0x34 build/debug/stm32f4xx_hal_rcc.o
 .ARM.attributes
                0x000002fa       0x34 build/debug/stm32f4xx_hal_rcc_ex.o
 .ARM.attributes
                0x0000032e       0x34 build/debug/stm32f4xx_hal_tim.o
 .ARM.attributes
                0x00000362       0x34 build/debug/stm32f4xx_hal_tim_ex.o
 .ARM.attributes
                0x00000396       0x34 build/debug/stm32f4xx_hal_timebase_tim.o
 .ARM.attributes
                0x000003ca       0x34 build/debug/stm32f4xx_hal_uart.o
 .ARM.attributes
                0x000003fe       0x34 build/debug/stm32f4xx_it.o
 .ARM.attributes
                0x00000432       0x34 build/debug/sysmem.o
 .ARM.attributes
                0x00000466       0x34 build/debug/system_stm32f4xx.o
 .ARM.attributes
                0x0000049a       0x34 build/debug/tasks.o
 .ARM.attributes
                0x000004ce       0x34 build/debug/timers.o
 .ARM.attributes
                0x00000502       0x21 build/debug/startup_stm32f446xx.o
 .ARM.attributes
                0x00000523       0x34 /Users/antoinemg/Library/Application Support/Code/User/globalStorage/bmd.stm32-for-vscode/@xpack-dev-tools/arm-none-eabi-gcc/14.2.1-1.1.1/.content/bin/../lib/gcc/arm-none-eabi/14.2.1/../../../../arm-none-eabi/lib/thumb/v7e-m+fp/hard/libc_nano.a(libc_a-sprintf.o)
 .ARM.attributes
                0x00000557       0x34 /Users/antoinemg/Library/Application Support/Code/User/globalStorage/bmd.stm32-for-vscode/@xpack-dev-tools/arm-none-eabi-gcc/14.2.1-1.1.1/.content/bin/../lib/gcc/arm-none-eabi/14.2.1/../../../../arm-none-eabi/lib/thumb/v7e-m+fp/hard/libc_nano.a(libc_a-findfp.o)
 .ARM.attributes
                0x0000058b       0x34 /Users/antoinemg/Library/Application Support/Code/User/globalStorage/bmd.stm32-for-vscode/@xpack-dev-tools/arm-none-eabi-gcc/14.2.1-1.1.1/.content/bin/../lib/gcc/arm-none-eabi/14.2.1/../../../../arm-none-eabi/lib/thumb/v7e-m+fp/hard/libc_nano.a(libc_a-memset.o)
 .ARM.attributes
                0x000005bf       0x34 /Users/antoinemg/Library/Application Support/Code/User/globalStorage/bmd.stm32-for-vscode/@xpack-dev-tools/arm-none-eabi-gcc/14.2.1-1.1.1/.content/bin/../lib/gcc/arm-none-eabi/14.2.1/../../../../arm-none-eabi/lib/thumb/v7e-m+fp/hard/libc_nano.a(libc_a-errno.o)
 .ARM.attributes
                0x000005f3       0x34 /Users/antoinemg/Library/Application Support/Code/User/globalStorage/bmd.stm32-for-vscode/@xpack-dev-tools/arm-none-eabi-gcc/14.2.1-1.1.1/.content/bin/../lib/gcc/arm-none-eabi/14.2.1/../../../../arm-none-eabi/lib/thumb/v7e-m+fp/hard/libc_nano.a(libc_a-init.o)
 .ARM.attributes
                0x00000627       0x34 /Users/antoinemg/Library/Application Support/Code/User/globalStorage/bmd.stm32-for-vscode/@xpack-dev-tools/arm-none-eabi-gcc/14.2.1-1.1.1/.content/bin/../lib/gcc/arm-none-eabi/14.2.1/../../../../arm-none-eabi/lib/thumb/v7e-m+fp/hard/libc_nano.a(libc_a-lock.o)
 .ARM.attributes
                0x0000065b       0x34 /Users/antoinemg/Library/Application Support/Code/User/globalStorage/bmd.stm32-for-vscode/@xpack-dev-tools/arm-none-eabi-gcc/14.2.1-1.1.1/.content/bin/../lib/gcc/arm-none-eabi/14.2.1/../../../../arm-none-eabi/lib/thumb/v7e-m+fp/hard/libc_nano.a(libc_a-reent.o)
 .ARM.attributes
                0x0000068f       0x34 /Users/antoinemg/Library/Application Support/Code/User/globalStorage/bmd.stm32-for-vscode/@xpack-dev-tools/arm-none-eabi-gcc/14.2.1-1.1.1/.content/bin/../lib/gcc/arm-none-eabi/14.2.1/../../../../arm-none-eabi/lib/thumb/v7e-m+fp/hard/libc_nano.a(libc_a-impure.o)
 .ARM.attributes
                0x000006c3       0x34 /Users/antoinemg/Library/Application Support/Code/User/globalStorage/bmd.stm32-for-vscode/@xpack-dev-tools/arm-none-eabi-gcc/14.2.1-1.1.1/.content/bin/../lib/gcc/arm-none-eabi/14.2.1/../../../../arm-none-eabi/lib/thumb/v7e-m+fp/hard/libc_nano.a(libc_a-memcpy-stub.o)
 .ARM.attributes
                0x000006f7       0x34 /Users/antoinemg/Library/Application Support/Code/User/globalStorage/bmd.stm32-for-vscode/@xpack-dev-tools/arm-none-eabi-gcc/14.2.1-1.1.1/.content/bin/../lib/gcc/arm-none-eabi/14.2.1/../../../../arm-none-eabi/lib/thumb/v7e-m+fp/hard/libc_nano.a(libc_a-freer.o)
 .ARM.attributes
                0x0000072b       0x34 /Users/antoinemg/Library/Application Support/Code/User/globalStorage/bmd.stm32-for-vscode/@xpack-dev-tools/arm-none-eabi-gcc/14.2.1-1.1.1/.content/bin/../lib/gcc/arm-none-eabi/14.2.1/../../../../arm-none-eabi/lib/thumb/v7e-m+fp/hard/libc_nano.a(libc_a-nano-svfprintf.o)
 .ARM.attributes
                0x0000075f       0x34 /Users/antoinemg/Library/Application Support/Code/User/globalStorage/bmd.stm32-for-vscode/@xpack-dev-tools/arm-none-eabi-gcc/14.2.1-1.1.1/.content/bin/../lib/gcc/arm-none-eabi/14.2.1/../../../../arm-none-eabi/lib/thumb/v7e-m+fp/hard/libc_nano.a(libc_a-mallocr.o)
 .ARM.attributes
                0x00000793       0x34 /Users/antoinemg/Library/Application Support/Code/User/globalStorage/bmd.stm32-for-vscode/@xpack-dev-tools/arm-none-eabi-gcc/14.2.1-1.1.1/.content/bin/../lib/gcc/arm-none-eabi/14.2.1/../../../../arm-none-eabi/lib/thumb/v7e-m+fp/hard/libc_nano.a(libc_a-nano-vfprintf_i.o)
 .ARM.attributes
                0x000007c7       0x34 /Users/antoinemg/Library/Application Support/Code/User/globalStorage/bmd.stm32-for-vscode/@xpack-dev-tools/arm-none-eabi-gcc/14.2.1-1.1.1/.content/bin/../lib/gcc/arm-none-eabi/14.2.1/../../../../arm-none-eabi/lib/thumb/v7e-m+fp/hard/libc_nano.a(libc_a-mlock.o)
 .ARM.attributes
                0x000007fb       0x34 /Users/antoinemg/Library/Application Support/Code/User/globalStorage/bmd.stm32-for-vscode/@xpack-dev-tools/arm-none-eabi-gcc/14.2.1-1.1.1/.content/bin/../lib/gcc/arm-none-eabi/14.2.1/../../../../arm-none-eabi/lib/thumb/v7e-m+fp/hard/libc_nano.a(libc_a-reallocr.o)
 .ARM.attributes
                0x0000082f       0x34 /Users/antoinemg/Library/Application Support/Code/User/globalStorage/bmd.stm32-for-vscode/@xpack-dev-tools/arm-none-eabi-gcc/14.2.1-1.1.1/.content/bin/../lib/gcc/arm-none-eabi/14.2.1/../../../../arm-none-eabi/lib/thumb/v7e-m+fp/hard/libc_nano.a(libc_a-memmove.o)
 .ARM.attributes
                0x00000863       0x34 /Users/antoinemg/Library/Application Support/Code/User/globalStorage/bmd.stm32-for-vscode/@xpack-dev-tools/arm-none-eabi-gcc/14.2.1-1.1.1/.content/bin/../lib/gcc/arm-none-eabi/14.2.1/../../../../arm-none-eabi/lib/thumb/v7e-m+fp/hard/libc_nano.a(libc_a-sbrkr.o)
 .ARM.attributes
                0x00000897       0x1c /Users/antoinemg/Library/Application Support/Code/User/globalStorage/bmd.stm32-for-vscode/@xpack-dev-tools/arm-none-eabi-gcc/14.2.1-1.1.1/.content/bin/../lib/gcc/arm-none-eabi/14.2.1/../../../../arm-none-eabi/lib/thumb/v7e-m+fp/hard/libc_nano.a(libc_a-memchr.o)
 .ARM.attributes
                0x000008b3       0x34 /Users/antoinemg/Library/Application Support/Code/User/globalStorage/bmd.stm32-for-vscode/@xpack-dev-tools/arm-none-eabi-gcc/14.2.1-1.1.1/.content/bin/../lib/gcc/arm-none-eabi/14.2.1/../../../../arm-none-eabi/lib/thumb/v7e-m+fp/hard/libc_nano.a(libc_a-msizer.o)
 .ARM.attributes
                0x000008e7       0x22 /Users/antoinemg/Library/Application Support/Code/User/globalStorage/bmd.stm32-for-vscode/@xpack-dev-tools/arm-none-eabi-gcc/14.2.1-1.1.1/.content/bin/../lib/gcc/arm-none-eabi/14.2.1/thumb/v7e-m+fp/hard/libgcc.a(_aeabi_uldivmod.o)
 .ARM.attributes
                0x00000909       0x34 /Users/antoinemg/Library/Application Support/Code/User/globalStorage/bmd.stm32-for-vscode/@xpack-dev-tools/arm-none-eabi-gcc/14.2.1-1.1.1/.content/bin/../lib/gcc/arm-none-eabi/14.2.1/thumb/v7e-m+fp/hard/libgcc.a(_udivmoddi4.o)
 .ARM.attributes
                0x0000093d       0x22 /Users/antoinemg/Library/Application Support/Code/User/globalStorage/bmd.stm32-for-vscode/@xpack-dev-tools/arm-none-eabi-gcc/14.2.1-1.1.1/.content/bin/../lib/gcc/arm-none-eabi/14.2.1/thumb/v7e-m+fp/hard/libgcc.a(_dvmd_tls.o)
 .ARM.attributes
                0x0000095f       0x22 /Users/antoinemg/Library/Application Support/Code/User/globalStorage/bmd.stm32-for-vscode/@xpack-dev-tools/arm-none-eabi-gcc/14.2.1-1.1.1/.content/bin/../lib/gcc/arm-none-eabi/14.2.1/thumb/v7e-m+fp/hard/crtn.o

.comment        0x00000000       0x38
 .comment       0x00000000       0x38 /Users/antoinemg/Library/Application Support/Code/User/globalStorage/bmd.stm32-for-vscode/@xpack-dev-tools/arm-none-eabi-gcc/14.2.1-1.1.1/.content/bin/../lib/gcc/arm-none-eabi/14.2.1/thumb/v7e-m+fp/hard/crtbegin.o
                                 0x39 (size before relaxing)
 .comment       0x00000038       0x39 build/debug/cmsis_os2.o
 .comment       0x00000038       0x39 build/debug/heap_4.o
 .comment       0x00000038       0x39 build/debug/lcd_md21605.o
 .comment       0x00000038       0x39 build/debug/list.o
 .comment       0x00000038       0x39 build/debug/main.o
 .comment       0x00000038       0x39 build/debug/port.o
 .comment       0x00000038       0x39 build/debug/queue.o
 .comment       0x00000038       0x39 build/debug/stm32f4xx_hal.o
 .comment       0x00000038       0x39 build/debug/stm32f4xx_hal_cortex.o
 .comment       0x00000038       0x39 build/debug/stm32f4xx_hal_gpio.o
 .comment       0x00000038       0x39 build/debug/stm32f4xx_hal_i2c.o
 .comment       0x00000038       0x39 build/debug/stm32f4xx_hal_msp.o
 .comment       0x00000038       0x39 build/debug/stm32f4xx_hal_rcc.o
 .comment       0x00000038       0x39 build/debug/stm32f4xx_hal_rcc_ex.o
 .comment       0x00000038       0x39 build/debug/stm32f4xx_hal_tim.o
 .comment       0x00000038       0x39 build/debug/stm32f4xx_hal_tim_ex.o
 .comment       0x00000038       0x39 build/debug/stm32f4xx_hal_timebase_tim.o
 .comment       0x00000038       0x39 build/debug/stm32f4xx_hal_uart.o
 .comment       0x00000038       0x39 build/debug/stm32f4xx_it.o
 .comment       0x00000038       0x39 build/debug/sysmem.o
 .comment       0x00000038       0x39 build/debug/system_stm32f4xx.o
 .comment       0x00000038       0x39 build/debug/tasks.o
 .comment       0x00000038       0x39 build/debug/timers.o
 .comment       0x00000038       0x39 /Users/antoinemg/Library/Application Support/Code/User/globalStorage/bmd.stm32-for-vscode/@xpack-dev-tools/arm-none-eabi-gcc/14.2.1-1.1.1/.content/bin/../lib/gcc/arm-none-eabi/14.2.1/../../../../arm-none-eabi/lib/thumb/v7e-m+fp/hard/libc_nano.a(libc_a-sprintf.o)
 .comment       0x00000038       0x39 /Users/antoinemg/Library/Application Support/Code/User/globalStorage/bmd.stm32-for-vscode/@xpack-dev-tools/arm-none-eabi-gcc/14.2.1-1.1.1/.content/bin/../lib/gcc/arm-none-eabi/14.2.1/../../../../arm-none-eabi/lib/thumb/v7e-m+fp/hard/libc_nano.a(libc_a-findfp.o)
 .comment       0x00000038       0x39 /Users/antoinemg/Library/Application Support/Code/User/globalStorage/bmd.stm32-for-vscode/@xpack-dev-tools/arm-none-eabi-gcc/14.2.1-1.1.1/.content/bin/../lib/gcc/arm-none-eabi/14.2.1/../../../../arm-none-eabi/lib/thumb/v7e-m+fp/hard/libc_nano.a(libc_a-memset.o)
 .comment       0x00000038       0x39 /Users/antoinemg/Library/Application Support/Code/User/globalStorage/bmd.stm32-for-vscode/@xpack-dev-tools/arm-none-eabi-gcc/14.2.1-1.1.1/.content/bin/../lib/gcc/arm-none-eabi/14.2.1/../../../../arm-none-eabi/lib/thumb/v7e-m+fp/hard/libc_nano.a(libc_a-errno.o)
 .comment       0x00000038       0x39 /Users/antoinemg/Library/Application Support/Code/User/globalStorage/bmd.stm32-for-vscode/@xpack-dev-tools/arm-none-eabi-gcc/14.2.1-1.1.1/.content/bin/../lib/gcc/arm-none-eabi/14.2.1/../../../../arm-none-eabi/lib/thumb/v7e-m+fp/hard/libc_nano.a(libc_a-init.o)
 .comment       0x00000038       0x39 /Users/antoinemg/Library/Application Support/Code/User/globalStorage/bmd.stm32-for-vscode/@xpack-dev-tools/arm-none-eabi-gcc/14.2.1-1.1.1/.content/bin/../lib/gcc/arm-none-eabi/14.2.1/../../../../arm-none-eabi/lib/thumb/v7e-m+fp/hard/libc_nano.a(libc_a-lock.o)
 .comment       0x00000038       0x39 /Users/antoinemg/Library/Application Support/Code/User/globalStorage/bmd.stm32-for-vscode/@xpack-dev-tools/arm-none-eabi-gcc/14.2.1-1.1.1/.content/bin/../lib/gcc/arm-none-eabi/14.2.1/../../../../arm-none-eabi/lib/thumb/v7e-m+fp/hard/libc_nano.a(libc_a-reent.o)
 .comment       0x00000038       0x39 /Users/antoinemg/Library/Application Support/Code/User/globalStorage/bmd.stm32-for-vscode/@xpack-dev-tools/arm-none-eabi-gcc/14.2.1-1.1.1/.content/bin/../lib/gcc/arm-none-eabi/14.2.1/../../../../arm-none-eabi/lib/thumb/v7e-m+fp/hard/libc_nano.a(libc_a-impure.o)
 .comment       0x00000038       0x39 /Users/antoinemg/Library/Application Support/Code/User/globalStorage/bmd.stm32-for-vscode/@xpack-dev-tools/arm-none-eabi-gcc/14.2.1-1.1.1/.content/bin/../lib/gcc/arm-none-eabi/14.2.1/../../../../arm-none-eabi/lib/thumb/v7e-m+fp/hard/libc_nano.a(libc_a-memcpy-stub.o)
 .comment       0x00000038       0x39 /Users/antoinemg/Library/Application Support/Code/User/globalStorage/bmd.stm32-for-vscode/@xpack-dev-tools/arm-none-eabi-gcc/14.2.1-1.1.1/.content/bin/../lib/gcc/arm-none-eabi/14.2.1/../../../../arm-none-eabi/lib/thumb/v7e-m+fp/hard/libc_nano.a(libc_a-freer.o)
 .comment       0x00000038       0x39 /Users/antoinemg/Library/Application Support/Code/User/globalStorage/bmd.stm32-for-vscode/@xpack-dev-tools/arm-none-eabi-gcc/14.2.1-1.1.1/.content/bin/../lib/gcc/arm-none-eabi/14.2.1/../../../../arm-none-eabi/lib/thumb/v7e-m+fp/hard/libc_nano.a(libc_a-nano-svfprintf.o)
 .comment       0x00000038       0x39 /Users/antoinemg/Library/Application Support/Code/User/globalStorage/bmd.stm32-for-vscode/@xpack-dev-tools/arm-none-eabi-gcc/14.2.1-1.1.1/.content/bin/../lib/gcc/arm-none-eabi/14.2.1/../../../../arm-none-eabi/lib/thumb/v7e-m+fp/hard/libc_nano.a(libc_a-mallocr.o)
 .comment       0x00000038       0x39 /Users/antoinemg/Library/Application Support/Code/User/globalStorage/bmd.stm32-for-vscode/@xpack-dev-tools/arm-none-eabi-gcc/14.2.1-1.1.1/.content/bin/../lib/gcc/arm-none-eabi/14.2.1/../../../../arm-none-eabi/lib/thumb/v7e-m+fp/hard/libc_nano.a(libc_a-nano-vfprintf_i.o)
 .comment       0x00000038       0x39 /Users/antoinemg/Library/Application Support/Code/User/globalStorage/bmd.stm32-for-vscode/@xpack-dev-tools/arm-none-eabi-gcc/14.2.1-1.1.1/.content/bin/../lib/gcc/arm-none-eabi/14.2.1/../../../../arm-none-eabi/lib/thumb/v7e-m+fp/hard/libc_nano.a(libc_a-mlock.o)
 .comment       0x00000038       0x39 /Users/antoinemg/Library/Application Support/Code/User/globalStorage/bmd.stm32-for-vscode/@xpack-dev-tools/arm-none-eabi-gcc/14.2.1-1.1.1/.content/bin/../lib/gcc/arm-none-eabi/14.2.1/../../../../arm-none-eabi/lib/thumb/v7e-m+fp/hard/libc_nano.a(libc_a-reallocr.o)
 .comment       0x00000038       0x39 /Users/antoinemg/Library/Application Support/Code/User/globalStorage/bmd.stm32-for-vscode/@xpack-dev-tools/arm-none-eabi-gcc/14.2.1-1.1.1/.content/bin/../lib/gcc/arm-none-eabi/14.2.1/../../../../arm-none-eabi/lib/thumb/v7e-m+fp/hard/libc_nano.a(libc_a-memmove.o)
 .comment       0x00000038       0x39 /Users/antoinemg/Library/Application Support/Code/User/globalStorage/bmd.stm32-for-vscode/@xpack-dev-tools/arm-none-eabi-gcc/14.2.1-1.1.1/.content/bin/../lib/gcc/arm-none-eabi/14.2.1/../../../../arm-none-eabi/lib/thumb/v7e-m+fp/hard/libc_nano.a(libc_a-sbrkr.o)
 .comment       0x00000038       0x39 /Users/antoinemg/Library/Application Support/Code/User/globalStorage/bmd.stm32-for-vscode/@xpack-dev-tools/arm-none-eabi-gcc/14.2.1-1.1.1/.content/bin/../lib/gcc/arm-none-eabi/14.2.1/../../../../arm-none-eabi/lib/thumb/v7e-m+fp/hard/libc_nano.a(libc_a-msizer.o)
 .comment       0x00000038       0x39 /Users/antoinemg/Library/Application Support/Code/User/globalStorage/bmd.stm32-for-vscode/@xpack-dev-tools/arm-none-eabi-gcc/14.2.1-1.1.1/.content/bin/../lib/gcc/arm-none-eabi/14.2.1/thumb/v7e-m+fp/hard/libgcc.a(_udivmoddi4.o)

.debug_info     0x00000000    0x242f9
 .debug_info    0x00000000     0x5526 build/debug/cmsis_os2.o
 .debug_info    0x00005526      0x593 build/debug/heap_4.o
 .debug_info    0x00005ab9      0xa96 build/debug/lcd_md21605.o
 .debug_info    0x0000654f      0x2bf build/debug/list.o
 .debug_info    0x0000680e     0x1d6a build/debug/main.o
 .debug_info    0x00008578      0x55a build/debug/port.o
 .debug_info    0x00008ad2     0x27a8 build/debug/queue.o
 .debug_info    0x0000b27a      0xa38 build/debug/stm32f4xx_hal.o
 .debug_info    0x0000bcb2     0x1013 build/debug/stm32f4xx_hal_cortex.o
 .debug_info    0x0000ccc5      0x74c build/debug/stm32f4xx_hal_gpio.o
 .debug_info    0x0000d411     0x3811 build/debug/stm32f4xx_hal_i2c.o
 .debug_info    0x00010c22     0x13a5 build/debug/stm32f4xx_hal_msp.o
 .debug_info    0x00011fc7      0xabd build/debug/stm32f4xx_hal_rcc.o
 .debug_info    0x00012a84      0xc59 build/debug/stm32f4xx_hal_rcc_ex.o
 .debug_info    0x000136dd     0x3c53 build/debug/stm32f4xx_hal_tim.o
 .debug_info    0x00017330     0x1ade build/debug/stm32f4xx_hal_tim_ex.o
 .debug_info    0x00018e0e      0xce6 build/debug/stm32f4xx_hal_timebase_tim.o
 .debug_info    0x00019af4     0x4018 build/debug/stm32f4xx_hal_uart.o
 .debug_info    0x0001db0c      0x703 build/debug/stm32f4xx_it.o
 .debug_info    0x0001e20f      0x171 build/debug/sysmem.o
 .debug_info    0x0001e380      0x55f build/debug/system_stm32f4xx.o
 .debug_info    0x0001e8df     0x37d5 build/debug/tasks.o
 .debug_info    0x000220b4     0x2215 build/debug/timers.o
 .debug_info    0x000242c9       0x30 build/debug/startup_stm32f446xx.o

.debug_abbrev   0x00000000     0x3d65
 .debug_abbrev  0x00000000      0x615 build/debug/cmsis_os2.o
 .debug_abbrev  0x00000615      0x263 build/debug/heap_4.o
 .debug_abbrev  0x00000878      0x209 build/debug/lcd_md21605.o
 .debug_abbrev  0x00000a81      0x10a build/debug/list.o
 .debug_abbrev  0x00000b8b      0x351 build/debug/main.o
 .debug_abbrev  0x00000edc      0x293 build/debug/port.o
 .debug_abbrev  0x0000116f      0x3ea build/debug/queue.o
 .debug_abbrev  0x00001559      0x240 build/debug/stm32f4xx_hal.o
 .debug_abbrev  0x00001799      0x391 build/debug/stm32f4xx_hal_cortex.o
 .debug_abbrev  0x00001b2a      0x202 build/debug/stm32f4xx_hal_gpio.o
 .debug_abbrev  0x00001d2c      0x2c3 build/debug/stm32f4xx_hal_i2c.o
 .debug_abbrev  0x00001fef      0x220 build/debug/stm32f4xx_hal_msp.o
 .debug_abbrev  0x0000220f      0x2c7 build/debug/stm32f4xx_hal_rcc.o
 .debug_abbrev  0x000024d6      0x256 build/debug/stm32f4xx_hal_rcc_ex.o
 .debug_abbrev  0x0000272c      0x271 build/debug/stm32f4xx_hal_tim.o
 .debug_abbrev  0x0000299d      0x26f build/debug/stm32f4xx_hal_tim_ex.o
 .debug_abbrev  0x00002c0c      0x232 build/debug/stm32f4xx_hal_timebase_tim.o
 .debug_abbrev  0x00002e3e      0x326 build/debug/stm32f4xx_hal_uart.o
 .debug_abbrev  0x00003164      0x1af build/debug/stm32f4xx_it.o
 .debug_abbrev  0x00003313       0xea build/debug/sysmem.o
 .debug_abbrev  0x000033fd      0x11e build/debug/system_stm32f4xx.o
 .debug_abbrev  0x0000351b      0x45f build/debug/tasks.o
 .debug_abbrev  0x0000397a      0x3c7 build/debug/timers.o
 .debug_abbrev  0x00003d41       0x24 build/debug/startup_stm32f446xx.o

.debug_loclists
                0x00000000    0x136c4
 .debug_loclists
                0x00000000     0x38ec build/debug/cmsis_os2.o
 .debug_loclists
                0x000038ec      0x2b7 build/debug/heap_4.o
 .debug_loclists
                0x00003ba3      0x16e build/debug/lcd_md21605.o
 .debug_loclists
                0x00003d11       0x75 build/debug/list.o
 .debug_loclists
                0x00003d86       0x85 build/debug/main.o
 .debug_loclists
                0x00003e0b       0xc1 build/debug/port.o
 .debug_loclists
                0x00003ecc     0x1140 build/debug/queue.o
 .debug_loclists
                0x0000500c       0xe1 build/debug/stm32f4xx_hal.o
 .debug_loclists
                0x000050ed      0x54d build/debug/stm32f4xx_hal_cortex.o
 .debug_loclists
                0x0000563a      0x386 build/debug/stm32f4xx_hal_gpio.o
 .debug_loclists
                0x000059c0     0x3174 build/debug/stm32f4xx_hal_i2c.o
 .debug_loclists
                0x00008b34      0x12d build/debug/stm32f4xx_hal_msp.o
 .debug_loclists
                0x00008c61      0x3db build/debug/stm32f4xx_hal_rcc.o
 .debug_loclists
                0x0000903c      0x98c build/debug/stm32f4xx_hal_rcc_ex.o
 .debug_loclists
                0x000099c8     0x37c1 build/debug/stm32f4xx_hal_tim.o
 .debug_loclists
                0x0000d189     0x1402 build/debug/stm32f4xx_hal_tim_ex.o
 .debug_loclists
                0x0000e58b       0xa7 build/debug/stm32f4xx_hal_timebase_tim.o
 .debug_loclists
                0x0000e632     0x2cda build/debug/stm32f4xx_hal_uart.o
 .debug_loclists
                0x0001130c       0x52 build/debug/sysmem.o
 .debug_loclists
                0x0001135e       0x70 build/debug/system_stm32f4xx.o
 .debug_loclists
                0x000113ce     0x1745 build/debug/tasks.o
 .debug_loclists
                0x00012b13      0xbb1 build/debug/timers.o

.debug_aranges  0x00000000     0x1748
 .debug_aranges
                0x00000000      0x2a0 build/debug/cmsis_os2.o
 .debug_aranges
                0x000002a0       0x58 build/debug/heap_4.o
 .debug_aranges
                0x000002f8       0x68 build/debug/lcd_md21605.o
 .debug_aranges
                0x00000360       0x40 build/debug/list.o
 .debug_aranges
                0x000003a0       0x68 build/debug/main.o
 .debug_aranges
                0x00000408       0x80 build/debug/port.o
 .debug_aranges
                0x00000488      0x158 build/debug/queue.o
 .debug_aranges
                0x000005e0       0xf0 build/debug/stm32f4xx_hal.o
 .debug_aranges
                0x000006d0       0xf8 build/debug/stm32f4xx_hal_cortex.o
 .debug_aranges
                0x000007c8       0x58 build/debug/stm32f4xx_hal_gpio.o
 .debug_aranges
                0x00000820      0x2a8 build/debug/stm32f4xx_hal_i2c.o
 .debug_aranges
                0x00000ac8       0x50 build/debug/stm32f4xx_hal_msp.o
 .debug_aranges
                0x00000b18       0x88 build/debug/stm32f4xx_hal_rcc.o
 .debug_aranges
                0x00000ba0       0x78 build/debug/stm32f4xx_hal_rcc_ex.o
 .debug_aranges
                0x00000c18      0x3d0 build/debug/stm32f4xx_hal_tim.o
 .debug_aranges
                0x00000fe8      0x168 build/debug/stm32f4xx_hal_tim_ex.o
 .debug_aranges
                0x00001150       0x30 build/debug/stm32f4xx_hal_timebase_tim.o
 .debug_aranges
                0x00001180      0x208 build/debug/stm32f4xx_hal_uart.o
 .debug_aranges
                0x00001388       0x58 build/debug/stm32f4xx_it.o
 .debug_aranges
                0x000013e0       0x20 build/debug/sysmem.o
 .debug_aranges
                0x00001400       0x28 build/debug/system_stm32f4xx.o
 .debug_aranges
                0x00001428      0x208 build/debug/tasks.o
 .debug_aranges
                0x00001630       0xf0 build/debug/timers.o
 .debug_aranges
                0x00001720       0x28 build/debug/startup_stm32f446xx.o

.debug_rnglists
                0x00000000     0x1305
 .debug_rnglists
                0x00000000      0x1fe build/debug/cmsis_os2.o
 .debug_rnglists
                0x000001fe       0x3f build/debug/heap_4.o
 .debug_rnglists
                0x0000023d       0x4a build/debug/lcd_md21605.o
 .debug_rnglists
                0x00000287       0x2b build/debug/list.o
 .debug_rnglists
                0x000002b2       0x4b build/debug/main.o
 .debug_rnglists
                0x000002fd       0x69 build/debug/port.o
 .debug_rnglists
                0x00000366      0x170 build/debug/queue.o
 .debug_rnglists
                0x000004d6       0xaf build/debug/stm32f4xx_hal.o
 .debug_rnglists
                0x00000585       0xb5 build/debug/stm32f4xx_hal_cortex.o
 .debug_rnglists
                0x0000063a       0x3f build/debug/stm32f4xx_hal_gpio.o
 .debug_rnglists
                0x00000679      0x236 build/debug/stm32f4xx_hal_i2c.o
 .debug_rnglists
                0x000008af       0x37 build/debug/stm32f4xx_hal_msp.o
 .debug_rnglists
                0x000008e6       0x75 build/debug/stm32f4xx_hal_rcc.o
 .debug_rnglists
                0x0000095b       0x6b build/debug/stm32f4xx_hal_rcc_ex.o
 .debug_rnglists
                0x000009c6      0x302 build/debug/stm32f4xx_hal_tim.o
 .debug_rnglists
                0x00000cc8      0x11b build/debug/stm32f4xx_hal_tim_ex.o
 .debug_rnglists
                0x00000de3       0x20 build/debug/stm32f4xx_hal_timebase_tim.o
 .debug_rnglists
                0x00000e03      0x195 build/debug/stm32f4xx_hal_uart.o
 .debug_rnglists
                0x00000f98       0x3d build/debug/stm32f4xx_it.o
 .debug_rnglists
                0x00000fd5       0x13 build/debug/sysmem.o
 .debug_rnglists
                0x00000fe8       0x1a build/debug/system_stm32f4xx.o
 .debug_rnglists
                0x00001002      0x23a build/debug/tasks.o
 .debug_rnglists
                0x0000123c       0xb0 build/debug/timers.o
 .debug_rnglists
                0x000012ec       0x19 build/debug/startup_stm32f446xx.o

.debug_line     0x00000000    0x1dbfa
 .debug_line    0x00000000     0x2d9e build/debug/cmsis_os2.o
 .debug_line    0x00002d9e      0x829 build/debug/heap_4.o
 .debug_line    0x000035c7      0x3d8 build/debug/lcd_md21605.o
 .debug_line    0x0000399f      0x419 build/debug/list.o
 .debug_line    0x00003db8      0x813 build/debug/main.o
 .debug_line    0x000045cb      0x6e6 build/debug/port.o
 .debug_line    0x00004cb1     0x1e78 build/debug/queue.o
 .debug_line    0x00006b29      0x62b build/debug/stm32f4xx_hal.o
 .debug_line    0x00007154      0x8ee build/debug/stm32f4xx_hal_cortex.o
 .debug_line    0x00007a42      0x7a5 build/debug/stm32f4xx_hal_gpio.o
 .debug_line    0x000081e7     0x549d build/debug/stm32f4xx_hal_i2c.o
 .debug_line    0x0000d684      0x4a7 build/debug/stm32f4xx_hal_msp.o
 .debug_line    0x0000db2b      0xc95 build/debug/stm32f4xx_hal_rcc.o
 .debug_line    0x0000e7c0     0x153d build/debug/stm32f4xx_hal_rcc_ex.o
 .debug_line    0x0000fcfd     0x47d9 build/debug/stm32f4xx_hal_tim.o
 .debug_line    0x000144d6     0x1b0b build/debug/stm32f4xx_hal_tim_ex.o
 .debug_line    0x00015fe1      0x3ad build/debug/stm32f4xx_hal_timebase_tim.o
 .debug_line    0x0001638e     0x35be build/debug/stm32f4xx_hal_uart.o
 .debug_line    0x0001994c      0x334 build/debug/stm32f4xx_it.o
 .debug_line    0x00019c80      0x2e6 build/debug/sysmem.o
 .debug_line    0x00019f66      0x311 build/debug/system_stm32f4xx.o
 .debug_line    0x0001a277     0x29d7 build/debug/tasks.o
 .debug_line    0x0001cc4e      0xf36 build/debug/timers.o
 .debug_line    0x0001db84       0x76 build/debug/startup_stm32f446xx.o

.debug_str      0x00000000     0x7f77
 .debug_str     0x00000000     0x7f77 build/debug/cmsis_os2.o
                               0x24fc (size before relaxing)
 .debug_str     0x00007f77      0x4ef build/debug/heap_4.o
 .debug_str     0x00007f77      0x7bd build/debug/lcd_md21605.o
 .debug_str     0x00007f77      0x2d6 build/debug/list.o
 .debug_str     0x00007f77     0x1bed build/debug/main.o
 .debug_str     0x00007f77      0x456 build/debug/port.o
 .debug_str     0x00007f77      0xcec build/debug/queue.o
 .debug_str     0x00007f77      0xb9e build/debug/stm32f4xx_hal.o
 .debug_str     0x00007f77      0xc8a build/debug/stm32f4xx_hal_cortex.o
 .debug_str     0x00007f77      0x4d9 build/debug/stm32f4xx_hal_gpio.o
 .debug_str     0x00007f77     0x1016 build/debug/stm32f4xx_hal_i2c.o
 .debug_str     0x00007f77     0x12d2 build/debug/stm32f4xx_hal_msp.o
 .debug_str     0x00007f77      0x704 build/debug/stm32f4xx_hal_rcc.o
 .debug_str     0x00007f77      0x7eb build/debug/stm32f4xx_hal_rcc_ex.o
 .debug_str     0x00007f77     0x16d3 build/debug/stm32f4xx_hal_tim.o
 .debug_str     0x00007f77      0xedf build/debug/stm32f4xx_hal_tim_ex.o
 .debug_str     0x00007f77      0xea6 build/debug/stm32f4xx_hal_timebase_tim.o
 .debug_str     0x00007f77      0xd6f build/debug/stm32f4xx_hal_uart.o
 .debug_str     0x00007f77      0x76c build/debug/stm32f4xx_it.o
 .debug_str     0x00007f77      0x1f9 build/debug/sysmem.o
 .debug_str     0x00007f77      0x36e build/debug/system_stm32f4xx.o
 .debug_str     0x00007f77     0x161e build/debug/tasks.o
 .debug_str     0x00007f77      0xf40 build/debug/timers.o
 .debug_str     0x00007f77       0x52 build/debug/startup_stm32f446xx.o

.debug_frame    0x00000000     0x43c0
 .debug_frame   0x00000000      0x90c build/debug/cmsis_os2.o
 .debug_frame   0x0000090c       0xd0 build/debug/heap_4.o
 .debug_frame   0x000009dc      0x10c build/debug/lcd_md21605.o
 .debug_frame   0x00000ae8       0x70 build/debug/list.o
 .debug_frame   0x00000b58      0x11c build/debug/main.o
 .debug_frame   0x00000c74      0x110 build/debug/port.o
 .debug_frame   0x00000d84      0x458 build/debug/queue.o
 .debug_frame   0x000011dc      0x1ec build/debug/stm32f4xx_hal.o
 .debug_frame   0x000013c8      0x214 build/debug/stm32f4xx_hal_cortex.o
 .debug_frame   0x000015dc       0xd8 build/debug/stm32f4xx_hal_gpio.o
 .debug_frame   0x000016b4      0x988 build/debug/stm32f4xx_hal_i2c.o
 .debug_frame   0x0000203c       0xd8 build/debug/stm32f4xx_hal_msp.o
 .debug_frame   0x00002114      0x16c build/debug/stm32f4xx_hal_rcc.o
 .debug_frame   0x00002280      0x14c build/debug/stm32f4xx_hal_rcc_ex.o
 .debug_frame   0x000023cc      0xb10 build/debug/stm32f4xx_hal_tim.o
 .debug_frame   0x00002edc      0x418 build/debug/stm32f4xx_hal_tim_ex.o
 .debug_frame   0x000032f4       0x54 build/debug/stm32f4xx_hal_timebase_tim.o
 .debug_frame   0x00003348      0x5e0 build/debug/stm32f4xx_hal_uart.o
 .debug_frame   0x00003928       0xa0 build/debug/stm32f4xx_it.o
 .debug_frame   0x000039c8       0x28 build/debug/sysmem.o
 .debug_frame   0x000039f0       0x30 build/debug/system_stm32f4xx.o
 .debug_frame   0x00003a20      0x694 build/debug/tasks.o
 .debug_frame   0x000040b4      0x30c build/debug/timers.o

.debug_line_str
                0x00000000       0x36
 .debug_line_str
                0x00000000       0x36 build/debug/startup_stm32f446xx.o

Cross Reference Table

Symbol                                            File
ADC_IRQHandler                                    build/debug/startup_stm32f446xx.o
AHBPrescTable                                     build/debug/system_stm32f4xx.o
                                                  build/debug/stm32f4xx_hal_rcc.o
APBPrescTable                                     build/debug/system_stm32f4xx.o
                                                  build/debug/stm32f4xx_hal_rcc.o
BusFault_Handler                                  build/debug/stm32f4xx_it.o
CAN1_RX0_IRQHandler                               build/debug/startup_stm32f446xx.o
CAN1_RX1_IRQHandler                               build/debug/startup_stm32f446xx.o
CAN1_SCE_IRQHandler                               build/debug/startup_stm32f446xx.o
CAN1_TX_IRQHandler                                build/debug/startup_stm32f446xx.o
CAN2_RX0_IRQHandler                               build/debug/startup_stm32f446xx.o
CAN2_RX1_IRQHandler                               build/debug/startup_stm32f446xx.o
CAN2_SCE_IRQHandler                               build/debug/startup_stm32f446xx.o
CAN2_TX_IRQHandler                                build/debug/startup_stm32f446xx.o
CEC_IRQHandler                                    build/debug/startup_stm32f446xx.o
DCMI_IRQHandler                                   build/debug/startup_stm32f446xx.o
DMA1_Stream0_IRQHandler                           build/debug/startup_stm32f446xx.o
DMA1_Stream1_IRQHandler                           build/debug/startup_stm32f446xx.o
DMA1_Stream2_IRQHandler                           build/debug/startup_stm32f446xx.o
DMA1_Stream3_IRQHandler                           build/debug/startup_stm32f446xx.o
DMA1_Stream4_IRQHandler                           build/debug/startup_stm32f446xx.o
DMA1_Stream5_IRQHandler                           build/debug/startup_stm32f446xx.o
DMA1_Stream6_IRQHandler                           build/debug/startup_stm32f446xx.o
DMA1_Stream7_IRQHandler                           build/debug/startup_stm32f446xx.o
DMA2_Stream0_IRQHandler                           build/debug/startup_stm32f446xx.o
DMA2_Stream1_IRQHandler                           build/debug/startup_stm32f446xx.o
DMA2_Stream2_IRQHandler                           build/debug/startup_stm32f446xx.o
DMA2_Stream3_IRQHandler                           build/debug/startup_stm32f446xx.o
DMA2_Stream4_IRQHandler                           build/debug/startup_stm32f446xx.o
DMA2_Stream5_IRQHandler                           build/debug/startup_stm32f446xx.o
DMA2_Stream6_IRQHandler                           build/debug/startup_stm32f446xx.o
DMA2_Stream7_IRQHandler                           build/debug/startup_stm32f446xx.o
DebugMon_Handler                                  build/debug/stm32f4xx_it.o