../Core/Src/lcd_md21605.c:21:6:lcd_init	8	static
../Core/Src/lcd_md21605.c:45:6:lcd_set_contrast	16	static
../Core/Src/lcd_md21605.c:49:6:lcd_clear	8	static
../Core/Src/lcd_md21605.c:55:6:lcd_set_display	16	static
../Core/Src/lcd_md21605.c:61:6:send_lcd_command	24	static
../Core/Src/lcd_md21605.c:66:6:lcd_instruction	16	static
../Core/Src/lcd_md21605.c:70:6:lcd_data	16	static
../Core/Src/lcd_md21605.c:76:6:lcd_reset	4	static
../Core/Src/lcd_md21605.c:79:6:lcd_put_cursor	24	static
../Core/Src/lcd_md21605.c:90:6:lcd_write	24	static
